[2025-03-06 16:24:00] [Commander] Logger for Commander is starting in file mode
[2025-03-06 16:24:00] [Commander] Commander initialized.
[2025-03-06 16:24:00] [Commander] Sending command: luna-send -n 1 -f luna://com.webos.applicationManager/launch '{"id":"com.webos.app.home"}'
[2025-03-06 16:24:00] [Commander] Logger for Commander in file mode is closed
[2025-03-06 16:44:28] [Commander] Logger for Commander is starting in file mode
[2025-03-06 16:44:28] [Commander] Commander initialized.
[2025-03-06 16:44:28] [Commander] Sending command: ['luna-send -n 1 -f luna://com.webos.applicationManager/launch', '\'{"id":"com.webos.app.home"}\'']
[2025-03-06 16:44:28] [Commander] Sending command: ['luna-send -n 1 -f luna://com.webos.applicationManager/launch', '\'{"id":"com.webos.app.home"}\'']
[2025-03-06 16:44:29] [Commander] Sending command: ['luna-send -n 1 -f luna://com.webos.applicationManager/launch', '\'{"id":"com.webos.app.home"}\'']
[2025-03-06 16:44:29] [Commander] Sending command: ['luna-send -n 1 -f luna://com.webos.applicationManager/launch', '\'{"id":"com.webos.app.browser"}\'']
[2025-03-06 16:44:30] [Commander] Sending command: ['luna-send -n 1 -f luna://com.webos.applicationManager/launch', '\'{"id":"com.webos.app.home"}\'']
[2025-03-06 16:44:30] [Commander] Sending command: ['luna-send -n 1 -f luna://com.webos.applicationManager/launch', '\'{"id":"com.disney.disneyplus-prod.auto"}\'']
[2025-03-06 16:44:31] [Commander] Sending command: ['luna-send -n 1 -f luna://com.webos.applicationManager/launch', '\'{"id":"com.webos.app.home"}\'']
[2025-03-06 16:44:31] [Commander] Sending command: ['luna-send -n 1 -f luna://com.webos.applicationManager/launch', '\'{"id":"com.webos.app.discovery"}\'']
[2025-03-06 16:44:32] [Commander] Sending command: ['luna-send -n 1 -f luna://com.webos.applicationManager/launch', '\'{"id":"com.webos.app.home"}\'']
[2025-03-06 16:44:32] [Commander] Sending command: ['luna-send -n 1 -f luna://com.webos.applicationManager/launch', '\'{"id":"com.webos.app.browser"}\'']
[2025-03-06 16:44:32] [Commander] Logger for Commander in file mode is closed
[2025-03-06 16:45:10] [Commander] Logger for Commander is starting in file mode
[2025-03-06 16:45:10] [Commander] Commander initialized.
[2025-03-06 16:45:10] [Commander] Sending command: ['luna-send -n 1 -f luna://com.webos.applicationManager/launch', '\'{"id":"com.webos.app.home"}\'']
[2025-03-06 16:45:10] [Commander] Logger for Commander in file mode is closed
[2025-03-11 10:47:21] [Commander] Logger for Commander is starting in file mode
[2025-03-11 10:47:21] [Commander] Commander initialized.
[2025-03-11 10:47:21] [Commander] Mounting filesystem
[2025-03-11 10:47:21] [Commander] Mounting filesystem
[2025-03-11 10:47:21] [Commander] Mounting filesystem
[2025-03-11 10:47:21] [Commander] Mounting filesystem
[2025-03-11 10:47:21] [Commander] Mounting filesystem
[2025-03-11 10:47:21] [Commander] Mounting filesystem
[2025-03-11 10:47:21] [Commander] Mounting filesystem
[2025-03-11 10:47:21] [Commander] Mounting filesystem
[2025-03-11 10:47:21] [Commander] Mounting filesystem
[2025-03-11 10:47:21] [Commander] Mounting filesystem
[2025-03-11 10:47:21] [Commander] Mounting filesystem
[2025-03-11 10:47:21] [Commander] Mounting filesystem
[2025-03-11 10:47:21] [Commander] Mounting filesystem
[2025-03-11 10:47:21] [Commander] Mounting filesystem
[2025-03-11 10:47:21] [Commander] Mounting filesystem
[2025-03-11 10:47:21] [Commander] Mounting filesystem
[2025-03-11 10:47:21] [Commander] Mounting filesystem
[2025-03-11 10:47:21] [Commander] Mounting filesystem
[2025-03-11 10:47:21] [Commander] Mounting filesystem
[2025-03-11 10:47:21] [Commander] Mounting filesystem
[2025-03-11 10:47:21] [Commander] Mounting filesystem
[2025-03-11 10:47:21] [Commander] Mounting filesystem
[2025-03-11 10:47:21] [Commander] Mounting filesystem
[2025-03-11 10:47:21] [Commander] Mounting filesystem
[2025-03-11 10:47:21] [Commander] Mounting filesystem
[2025-03-11 10:47:21] [Commander] Mounting filesystem
[2025-03-11 10:47:21] [Commander] Mounting filesystem
[2025-03-11 10:47:21] [Commander] Mounting filesystem
[2025-03-11 10:47:21] [Commander] Mounting filesystem
[2025-03-11 10:47:21] [Commander] Mounting filesystem
[2025-03-11 10:47:21] [Commander] Mounting filesystem
[2025-03-11 10:47:21] [Commander] Mounting filesystem
[2025-03-11 10:47:21] [Commander] Mounting filesystem
[2025-03-11 10:47:21] [Commander] Mounting filesystem
[2025-03-11 10:47:21] [Commander] Mounting filesystem
[2025-03-11 10:47:21] [Commander] Mounting filesystem
[2025-03-11 10:47:21] [Commander] Mounting filesystem
[2025-03-11 10:47:21] [Commander] Mounting filesystem
[2025-03-11 10:47:21] [Commander] Mounting filesystem
[2025-03-11 10:47:21] [Commander] Mounting filesystem
[2025-03-11 10:47:21] [Commander] Mounting filesystem
[2025-03-11 10:47:21] [Commander] Mounting filesystem
[2025-03-11 10:47:21] [Commander] Mounting filesystem
[2025-03-11 10:47:21] [Commander] Mounting filesystem
[2025-03-11 10:47:21] [Commander] Mounting filesystem
[2025-03-11 10:47:21] [Commander] Mounting filesystem
[2025-03-11 10:47:21] [Commander] Mounting filesystem
[2025-03-11 10:47:21] [Commander] Mounting filesystem
[2025-03-11 10:47:21] [Commander] Mounting filesystem
[2025-03-11 10:47:21] [Commander] Mounting filesystem
[2025-03-11 10:47:21] [Commander] Mounting filesystem
[2025-03-11 10:47:21] [Commander] Mounting filesystem
[2025-03-11 10:47:21] [Commander] Mounting filesystem
[2025-03-11 10:47:21] [Commander] Mounting filesystem
[2025-03-11 10:47:21] [Commander] Mounting filesystem
[2025-03-11 10:47:21] [Commander] Mounting filesystem
[2025-03-11 10:47:21] [Commander] Mounting filesystem
[2025-03-11 10:47:21] [Commander] Mounting filesystem
[2025-03-11 10:47:21] [Commander] Mounting filesystem
[2025-03-11 10:47:21] [Commander] Mounting filesystem
[2025-03-11 10:47:21] [Commander] Mounting filesystem
[2025-03-11 10:47:21] [Commander] Mounting filesystem
[2025-03-11 10:47:21] [Commander] Mounting filesystem
[2025-03-11 10:47:21] [Commander] Mounting filesystem
[2025-03-11 10:47:21] [Commander] Mounting filesystem
[2025-03-11 10:47:21] [Commander] Mounting filesystem
[2025-03-11 10:47:21] [Commander] Mounting filesystem
[2025-03-11 10:47:21] [Commander] Mounting filesystem
[2025-03-11 10:47:21] [Commander] Mounting filesystem
[2025-03-11 10:47:21] [Commander] Mounting filesystem
[2025-03-11 10:47:21] [Commander] Mounting filesystem
[2025-03-11 10:47:21] [Commander] Mounting filesystem
[2025-03-11 10:47:21] [Commander] Mounting filesystem
[2025-03-11 10:47:21] [Commander] Mounting filesystem
[2025-03-11 10:47:21] [Commander] Mounting filesystem
[2025-03-11 10:47:21] [Commander] Mounting filesystem
[2025-03-11 10:47:21] [Commander] Mounting filesystem
[2025-03-11 10:47:21] [Commander] Mounting filesystem
[2025-03-11 10:47:21] [Commander] Mounting filesystem
[2025-03-11 10:47:21] [Commander] Mounting filesystem
[2025-03-11 10:47:21] [Commander] Mounting filesystem
[2025-03-11 10:47:21] [Commander] Mounting filesystem
[2025-03-11 10:47:21] [Commander] Mounting filesystem
[2025-03-11 10:47:21] [Commander] Mounting filesystem
[2025-03-11 10:47:21] [Commander] Mounting filesystem
[2025-03-11 10:47:21] [Commander] Mounting filesystem
[2025-03-11 10:47:21] [Commander] Mounting filesystem
[2025-03-11 10:47:21] [Commander] Mounting filesystem
[2025-03-11 10:47:21] [Commander] Mounting filesystem
[2025-03-11 10:47:21] [Commander] Mounting filesystem
[2025-03-11 10:47:21] [Commander] Mounting filesystem
[2025-03-11 10:47:21] [Commander] Mounting filesystem
[2025-03-11 10:47:21] [Commander] Mounting filesystem
[2025-03-11 10:47:21] [Commander] Mounting filesystem
[2025-03-11 10:47:21] [Commander] Mounting filesystem
[2025-03-11 10:47:21] [Commander] Mounting filesystem
[2025-03-11 10:47:21] [Commander] Mounting filesystem
[2025-03-11 10:47:21] [Commander] Mounting filesystem
[2025-03-11 10:47:21] [Commander] Mounting filesystem
[2025-03-11 10:47:21] [Commander] Mounting filesystem
[2025-03-11 10:47:21] [Commander] Mounting filesystem
[2025-03-11 10:47:21] [Commander] Mounting filesystem
[2025-03-11 10:47:21] [Commander] Mounting filesystem
[2025-03-11 10:47:21] [Commander] Mounting filesystem
[2025-03-11 10:47:21] [Commander] Mounting filesystem
[2025-03-11 10:47:21] [Commander] Mounting filesystem
[2025-03-11 10:47:21] [Commander] Mounting filesystem
[2025-03-11 10:47:21] [Commander] Mounting filesystem
[2025-03-11 10:47:21] [Commander] Mounting filesystem
[2025-03-11 10:47:21] [Commander] Mounting filesystem
[2025-03-11 10:47:21] [Commander] Mounting filesystem
[2025-03-11 10:47:21] [Commander] Mounting filesystem
[2025-03-11 10:47:21] [Commander] Mounting filesystem
[2025-03-11 10:47:21] [Commander] Mounting filesystem
[2025-03-11 10:47:21] [Commander] Mounting filesystem
[2025-03-11 10:47:21] [Commander] Mounting filesystem
[2025-03-11 10:47:21] [Commander] Mounting filesystem
[2025-03-11 10:47:21] [Commander] Mounting filesystem
[2025-03-11 10:47:21] [Commander] Mounting filesystem
[2025-03-11 10:47:21] [Commander] Mounting filesystem
[2025-03-11 10:47:21] [Commander] Mounting filesystem
[2025-03-11 10:47:21] [Commander] Mounting filesystem
[2025-03-11 10:47:21] [Commander] Mounting filesystem
[2025-03-11 10:47:21] [Commander] Mounting filesystem
[2025-03-11 10:47:21] [Commander] Mounting filesystem
[2025-03-11 10:47:21] [Commander] Mounting filesystem
[2025-03-11 10:47:21] [Commander] Mounting filesystem
[2025-03-11 10:47:21] [Commander] Mounting filesystem
[2025-03-11 10:47:21] [Commander] Mounting filesystem
[2025-03-11 10:47:21] [Commander] Mounting filesystem
[2025-03-11 10:47:21] [Commander] Mounting filesystem
[2025-03-11 10:47:21] [Commander] Mounting filesystem
[2025-03-11 10:47:21] [Commander] Mounting filesystem
[2025-03-11 10:47:21] [Commander] Mounting filesystem
[2025-03-11 10:47:21] [Commander] Mounting filesystem
[2025-03-11 10:47:21] [Commander] Mounting filesystem
[2025-03-11 10:47:21] [Commander] Mounting filesystem
[2025-03-11 10:47:21] [Commander] Mounting filesystem
[2025-03-11 10:47:21] [Commander] Mounting filesystem
[2025-03-11 10:47:21] [Commander] Mounting filesystem
[2025-03-11 10:47:21] [Commander] Mounting filesystem
[2025-03-11 10:47:21] [Commander] Mounting filesystem
[2025-03-11 10:47:21] [Commander] Mounting filesystem
[2025-03-11 10:47:21] [Commander] Mounting filesystem
[2025-03-11 10:47:21] [Commander] Mounting filesystem
[2025-03-11 10:47:21] [Commander] Mounting filesystem
[2025-03-11 10:47:21] [Commander] Mounting filesystem
[2025-03-11 10:47:21] [Commander] Mounting filesystem
[2025-03-11 10:47:21] [Commander] Mounting filesystem
[2025-03-11 10:47:21] [Commander] Mounting filesystem
[2025-03-11 10:47:21] [Commander] Mounting filesystem
[2025-03-11 10:47:21] [Commander] Mounting filesystem
[2025-03-11 10:47:21] [Commander] Mounting filesystem
[2025-03-11 10:47:21] [Commander] Mounting filesystem
[2025-03-11 10:47:21] [Commander] Mounting filesystem
[2025-03-11 10:47:21] [Commander] Mounting filesystem
[2025-03-11 10:47:21] [Commander] Mounting filesystem
[2025-03-11 10:47:21] [Commander] Mounting filesystem
[2025-03-11 10:47:21] [Commander] Mounting filesystem
[2025-03-11 10:47:21] [Commander] Mounting filesystem
[2025-03-11 10:47:21] [Commander] Mounting filesystem
[2025-03-11 10:47:21] [Commander] Mounting filesystem
[2025-03-11 10:47:21] [Commander] Mounting filesystem
[2025-03-11 10:47:21] [Commander] Mounting filesystem
[2025-03-11 10:47:21] [Commander] Mounting filesystem
[2025-03-11 10:47:21] [Commander] Mounting filesystem
[2025-03-11 10:47:21] [Commander] Mounting filesystem
[2025-03-11 10:47:21] [Commander] Mounting filesystem
[2025-03-11 10:47:21] [Commander] Mounting filesystem
[2025-03-11 10:47:21] [Commander] Mounting filesystem
[2025-03-11 10:47:21] [Commander] Mounting filesystem
[2025-03-11 10:47:21] [Commander] Mounting filesystem
[2025-03-11 10:47:21] [Commander] Mounting filesystem
[2025-03-11 10:47:21] [Commander] Mounting filesystem
[2025-03-11 10:47:21] [Commander] Mounting filesystem
[2025-03-11 10:47:21] [Commander] Mounting filesystem
[2025-03-11 10:47:21] [Commander] Mounting filesystem
[2025-03-11 10:47:21] [Commander] Mounting filesystem
[2025-03-11 10:47:21] [Commander] Mounting filesystem
[2025-03-11 10:47:21] [Commander] Mounting filesystem
[2025-03-11 10:47:21] [Commander] Mounting filesystem
[2025-03-11 10:47:21] [Commander] Mounting filesystem
[2025-03-11 10:47:21] [Commander] Mounting filesystem
[2025-03-11 10:47:21] [Commander] Mounting filesystem
[2025-03-11 10:47:21] [Commander] Mounting filesystem
[2025-03-11 10:47:21] [Commander] Mounting filesystem
[2025-03-11 10:47:21] [Commander] Mounting filesystem
[2025-03-11 10:47:21] [Commander] Mounting filesystem
[2025-03-11 10:47:21] [Commander] Mounting filesystem
[2025-03-11 10:47:21] [Commander] Mounting filesystem
[2025-03-11 10:47:21] [Commander] Mounting filesystem
[2025-03-11 10:47:21] [Commander] Mounting filesystem
[2025-03-11 10:47:21] [Commander] Mounting filesystem
[2025-03-11 10:47:21] [Commander] Mounting filesystem
[2025-03-11 10:47:21] [Commander] Mounting filesystem
[2025-03-11 10:47:21] [Commander] Mounting filesystem
[2025-03-11 10:47:21] [Commander] Mounting filesystem
[2025-03-11 10:47:21] [Commander] Mounting filesystem
[2025-03-11 10:47:21] [Commander] Mounting filesystem
[2025-03-11 10:47:21] [Commander] Mounting filesystem
[2025-03-11 10:47:21] [Commander] Mounting filesystem
[2025-03-11 10:47:21] [Commander] Mounting filesystem
[2025-03-11 10:47:21] [Commander] Mounting filesystem
[2025-03-11 10:47:21] [Commander] Mounting filesystem
[2025-03-11 10:47:21] [Commander] Mounting filesystem
[2025-03-11 10:47:21] [Commander] Mounting filesystem
[2025-03-11 10:47:21] [Commander] Mounting filesystem
[2025-03-11 10:47:21] [Commander] Mounting filesystem
[2025-03-11 10:47:21] [Commander] Mounting filesystem
[2025-03-11 10:47:21] [Commander] Mounting filesystem
[2025-03-11 10:47:21] [Commander] Mounting filesystem
[2025-03-11 10:47:21] [Commander] Mounting filesystem
[2025-03-11 10:47:21] [Commander] Mounting filesystem
[2025-03-11 10:47:21] [Commander] Mounting filesystem
[2025-03-11 10:47:21] [Commander] Mounting filesystem
[2025-03-11 10:47:21] [Commander] Mounting filesystem
[2025-03-11 10:47:21] [Commander] Mounting filesystem
[2025-03-11 10:47:21] [Commander] Mounting filesystem
[2025-03-11 10:47:21] [Commander] Mounting filesystem
[2025-03-11 10:47:21] [Commander] Mounting filesystem
[2025-03-11 10:47:21] [Commander] Mounting filesystem
[2025-03-11 10:47:21] [Commander] Mounting filesystem
[2025-03-11 10:47:21] [Commander] Mounting filesystem
[2025-03-11 10:47:21] [Commander] Mounting filesystem
[2025-03-11 10:47:21] [Commander] Mounting filesystem
[2025-03-11 10:47:21] [Commander] Mounting filesystem
[2025-03-11 10:47:21] [Commander] Mounting filesystem
[2025-03-11 10:47:21] [Commander] Mounting filesystem
[2025-03-11 10:47:21] [Commander] Mounting filesystem
[2025-03-11 10:47:21] [Commander] Mounting filesystem
[2025-03-11 10:47:21] [Commander] Mounting filesystem
[2025-03-11 10:47:21] [Commander] Mounting filesystem
[2025-03-11 10:47:21] [Commander] Mounting filesystem
[2025-03-11 10:47:21] [Commander] Mounting filesystem
[2025-03-11 10:47:21] [Commander] Mounting filesystem
[2025-03-11 10:47:21] [Commander] Mounting filesystem
[2025-03-11 10:47:21] [Commander] Mounting filesystem
[2025-03-11 10:47:21] [Commander] Mounting filesystem
[2025-03-11 10:47:21] [Commander] Mounting filesystem
[2025-03-11 10:47:21] [Commander] Mounting filesystem
[2025-03-11 10:47:21] [Commander] Mounting filesystem
[2025-03-11 10:47:21] [Commander] Mounting filesystem
[2025-03-11 10:47:21] [Commander] Mounting filesystem
[2025-03-11 10:47:21] [Commander] Mounting filesystem
[2025-03-11 10:47:21] [Commander] Mounting filesystem
[2025-03-11 10:47:21] [Commander] Mounting filesystem
[2025-03-11 10:47:21] [Commander] Mounting filesystem
[2025-03-11 10:47:21] [Commander] Mounting filesystem
[2025-03-11 10:47:21] [Commander] Mounting filesystem
[2025-03-11 10:47:21] [Commander] Mounting filesystem
[2025-03-11 10:47:21] [Commander] Mounting filesystem
[2025-03-11 10:47:21] [Commander] Mounting filesystem
[2025-03-11 10:47:21] [Commander] Mounting filesystem
[2025-03-11 10:47:21] [Commander] Mounting filesystem
[2025-03-11 10:47:21] [Commander] Mounting filesystem
[2025-03-11 10:47:21] [Commander] Mounting filesystem
[2025-03-11 10:47:21] [Commander] Mounting filesystem
[2025-03-11 10:47:21] [Commander] Mounting filesystem
[2025-03-11 10:47:21] [Commander] Mounting filesystem
[2025-03-11 10:47:21] [Commander] Mounting filesystem
[2025-03-11 10:47:21] [Commander] Mounting filesystem
[2025-03-11 10:47:21] [Commander] Mounting filesystem
[2025-03-11 10:47:21] [Commander] Mounting filesystem
[2025-03-11 10:47:21] [Commander] Mounting filesystem
[2025-03-11 10:47:21] [Commander] Mounting filesystem
[2025-03-11 10:47:21] [Commander] Mounting filesystem
[2025-03-11 10:47:21] [Commander] Mounting filesystem
[2025-03-11 10:47:21] [Commander] Mounting filesystem
[2025-03-11 10:47:21] [Commander] Mounting filesystem
[2025-03-11 10:47:21] [Commander] Mounting filesystem
[2025-03-11 10:47:21] [Commander] Mounting filesystem
[2025-03-11 10:47:21] [Commander] Mounting filesystem
[2025-03-11 10:47:21] [Commander] Mounting filesystem
[2025-03-11 10:47:21] [Commander] Mounting filesystem
[2025-03-11 10:47:21] [Commander] Mounting filesystem
[2025-03-11 10:47:21] [Commander] Mounting filesystem
[2025-03-11 10:47:21] [Commander] Mounting filesystem
[2025-03-11 10:47:21] [Commander] Mounting filesystem
[2025-03-11 10:47:21] [Commander] Mounting filesystem
[2025-03-11 10:47:21] [Commander] Mounting filesystem
[2025-03-11 10:47:21] [Commander] Mounting filesystem
[2025-03-11 10:47:21] [Commander] Mounting filesystem
[2025-03-11 10:47:21] [Commander] Mounting filesystem
[2025-03-11 10:47:21] [Commander] Mounting filesystem
[2025-03-11 10:47:21] [Commander] Mounting filesystem
[2025-03-11 10:47:21] [Commander] Mounting filesystem
[2025-03-11 10:47:21] [Commander] Mounting filesystem
[2025-03-11 10:47:21] [Commander] Mounting filesystem
[2025-03-11 10:47:21] [Commander] Mounting filesystem
[2025-03-11 10:47:21] [Commander] Mounting filesystem
[2025-03-11 10:47:21] [Commander] Mounting filesystem
[2025-03-11 10:47:21] [Commander] Mounting filesystem
[2025-03-11 10:47:21] [Commander] Mounting filesystem
[2025-03-11 10:47:21] [Commander] Mounting filesystem
[2025-03-11 10:47:21] [Commander] Mounting filesystem
[2025-03-11 10:47:21] [Commander] Mounting filesystem
[2025-03-11 10:47:21] [Commander] Mounting filesystem
[2025-03-11 10:47:21] [Commander] Mounting filesystem
[2025-03-11 10:47:21] [Commander] Mounting filesystem
[2025-03-11 10:47:21] [Commander] Mounting filesystem
[2025-03-11 10:47:21] [Commander] Mounting filesystem
[2025-03-11 10:47:21] [Commander] Mounting filesystem
[2025-03-11 10:47:21] [Commander] Mounting filesystem
[2025-03-11 10:47:21] [Commander] Mounting filesystem
[2025-03-11 10:47:21] [Commander] Mounting filesystem
[2025-03-11 10:47:21] [Commander] Mounting filesystem
[2025-03-11 10:47:21] [Commander] Mounting filesystem
[2025-03-11 10:47:21] [Commander] Mounting filesystem
[2025-03-11 10:47:21] [Commander] Mounting filesystem
[2025-03-11 10:47:21] [Commander] Mounting filesystem
[2025-03-11 10:47:21] [Commander] Mounting filesystem
[2025-03-11 10:47:21] [Commander] Mounting filesystem
[2025-03-11 10:47:21] [Commander] Mounting filesystem
[2025-03-11 10:47:21] [Commander] Mounting filesystem
[2025-03-11 10:47:21] [Commander] Mounting filesystem
[2025-03-11 10:47:21] [Commander] Mounting filesystem
[2025-03-11 10:47:21] [Commander] Mounting filesystem
[2025-03-11 10:47:21] [Commander] Mounting filesystem
[2025-03-11 10:47:21] [Commander] Mounting filesystem
[2025-03-11 10:47:21] [Commander] Mounting filesystem
[2025-03-11 10:47:21] [Commander] Mounting filesystem
[2025-03-11 10:47:21] [Commander] Mounting filesystem
[2025-03-11 10:47:21] [Commander] Mounting filesystem
[2025-03-11 10:47:21] [Commander] Mounting filesystem
[2025-03-11 10:47:21] [Commander] Mounting filesystem
[2025-03-11 10:47:21] [Commander] Mounting filesystem
[2025-03-11 10:47:21] [Commander] Mounting filesystem
[2025-03-11 10:47:21] [Commander] Mounting filesystem
[2025-03-11 10:47:21] [Commander] Mounting filesystem
[2025-03-11 10:47:21] [Commander] Mounting filesystem
[2025-03-11 10:47:21] [Commander] Mounting filesystem
[2025-03-11 10:47:21] [Commander] Mounting filesystem
[2025-03-11 10:47:21] [Commander] Mounting filesystem
[2025-03-11 10:47:21] [Commander] Mounting filesystem
[2025-03-11 10:47:21] [Commander] Mounting filesystem
[2025-03-11 10:47:21] [Commander] Mounting filesystem
[2025-03-11 10:47:21] [Commander] Mounting filesystem
[2025-03-11 10:47:21] [Commander] Mounting filesystem
[2025-03-11 10:47:21] [Commander] Mounting filesystem
[2025-03-11 10:47:21] [Commander] Mounting filesystem
[2025-03-11 10:47:21] [Commander] Mounting filesystem
[2025-03-11 10:47:21] [Commander] Mounting filesystem
[2025-03-11 10:47:21] [Commander] Mounting filesystem
[2025-03-11 10:47:21] [Commander] Mounting filesystem
[2025-03-11 10:47:21] [Commander] Mounting filesystem
[2025-03-11 10:47:21] [Commander] Mounting filesystem
[2025-03-11 10:47:21] [Commander] Mounting filesystem
[2025-03-11 10:47:21] [Commander] Mounting filesystem
[2025-03-11 10:47:21] [Commander] Mounting filesystem
[2025-03-11 10:47:21] [Commander] Mounting filesystem
[2025-03-11 10:47:21] [Commander] Mounting filesystem
[2025-03-11 10:47:21] [Commander] Mounting filesystem
[2025-03-11 10:47:21] [Commander] Mounting filesystem
[2025-03-11 10:47:21] [Commander] Mounting filesystem
[2025-03-11 10:47:21] [Commander] Mounting filesystem
[2025-03-11 10:47:21] [Commander] Mounting filesystem
[2025-03-11 10:47:21] [Commander] Mounting filesystem
[2025-03-11 10:47:21] [Commander] Mounting filesystem
[2025-03-11 10:47:21] [Commander] Mounting filesystem
[2025-03-11 10:47:21] [Commander] Mounting filesystem
[2025-03-11 10:47:21] [Commander] Mounting filesystem
[2025-03-11 10:47:21] [Commander] Mounting filesystem
[2025-03-11 10:47:21] [Commander] Mounting filesystem
[2025-03-11 10:47:21] [Commander] Mounting filesystem
[2025-03-11 10:47:21] [Commander] Mounting filesystem
[2025-03-11 10:47:21] [Commander] Mounting filesystem
[2025-03-11 10:47:21] [Commander] Mounting filesystem
[2025-03-11 10:47:21] [Commander] Mounting filesystem
[2025-03-11 10:47:21] [Commander] Mounting filesystem
[2025-03-11 10:47:21] [Commander] Mounting filesystem
[2025-03-11 10:47:21] [Commander] Mounting filesystem
[2025-03-11 10:47:21] [Commander] Mounting filesystem
[2025-03-11 10:47:21] [Commander] Mounting filesystem
[2025-03-11 10:47:21] [Commander] Mounting filesystem
[2025-03-11 10:47:21] [Commander] Mounting filesystem
[2025-03-11 10:47:21] [Commander] Mounting filesystem
[2025-03-11 10:47:21] [Commander] Mounting filesystem
[2025-03-11 10:47:21] [Commander] Mounting filesystem
[2025-03-11 10:47:21] [Commander] Mounting filesystem
[2025-03-11 10:47:21] [Commander] Mounting filesystem
[2025-03-11 10:47:21] [Commander] Mounting filesystem
[2025-03-11 10:47:21] [Commander] Mounting filesystem
[2025-03-11 10:47:21] [Commander] Mounting filesystem
[2025-03-11 10:47:21] [Commander] Mounting filesystem
[2025-03-11 10:47:21] [Commander] Mounting filesystem
[2025-03-11 10:47:21] [Commander] Mounting filesystem
[2025-03-11 10:47:21] [Commander] Mounting filesystem
[2025-03-11 10:47:21] [Commander] Mounting filesystem
[2025-03-11 10:47:21] [Commander] Mounting filesystem
[2025-03-11 10:47:21] [Commander] Mounting filesystem
[2025-03-11 10:47:21] [Commander] Mounting filesystem
[2025-03-11 10:47:21] [Commander] Mounting filesystem
[2025-03-11 10:47:21] [Commander] Mounting filesystem
[2025-03-11 10:47:21] [Commander] Mounting filesystem
[2025-03-11 10:47:21] [Commander] Mounting filesystem
[2025-03-11 10:47:21] [Commander] Mounting filesystem
[2025-03-11 10:47:21] [Commander] Mounting filesystem
[2025-03-11 10:47:21] [Commander] Mounting filesystem
[2025-03-11 10:47:21] [Commander] Mounting filesystem
[2025-03-11 10:47:21] [Commander] Mounting filesystem
[2025-03-11 10:47:21] [Commander] Mounting filesystem
[2025-03-11 10:47:21] [Commander] Mounting filesystem
[2025-03-11 10:47:21] [Commander] Mounting filesystem
[2025-03-11 10:47:21] [Commander] Mounting filesystem
[2025-03-11 10:47:21] [Commander] Mounting filesystem
[2025-03-11 10:47:21] [Commander] Mounting filesystem
[2025-03-11 10:47:21] [Commander] Mounting filesystem
[2025-03-11 10:47:21] [Commander] Mounting filesystem
[2025-03-11 10:47:21] [Commander] Mounting filesystem
[2025-03-11 10:47:21] [Commander] Mounting filesystem
[2025-03-11 10:47:21] [Commander] Mounting filesystem
[2025-03-11 10:47:21] [Commander] Mounting filesystem
[2025-03-11 10:47:21] [Commander] Mounting filesystem
[2025-03-11 10:47:21] [Commander] Mounting filesystem
[2025-03-11 10:47:21] [Commander] Mounting filesystem
[2025-03-11 10:47:21] [Commander] Mounting filesystem
[2025-03-11 10:47:21] [Commander] Mounting filesystem
[2025-03-11 10:47:21] [Commander] Mounting filesystem
[2025-03-11 10:47:21] [Commander] Mounting filesystem
[2025-03-11 10:47:21] [Commander] Mounting filesystem
[2025-03-11 10:47:21] [Commander] Mounting filesystem
[2025-03-11 10:47:21] [Commander] Mounting filesystem
[2025-03-11 10:47:21] [Commander] Mounting filesystem
[2025-03-11 10:47:21] [Commander] Mounting filesystem
[2025-03-11 10:47:21] [Commander] Mounting filesystem
[2025-03-11 10:47:21] [Commander] Mounting filesystem
[2025-03-11 10:47:21] [Commander] Mounting filesystem
[2025-03-11 10:47:21] [Commander] Mounting filesystem
[2025-03-11 10:47:21] [Commander] Mounting filesystem
[2025-03-11 10:47:21] [Commander] Mounting filesystem
[2025-03-11 10:47:21] [Commander] Mounting filesystem
[2025-03-11 10:47:21] [Commander] Mounting filesystem
[2025-03-11 10:47:21] [Commander] Mounting filesystem
[2025-03-11 10:47:21] [Commander] Mounting filesystem
[2025-03-11 10:47:21] [Commander] Mounting filesystem
[2025-03-11 10:47:21] [Commander] Mounting filesystem
[2025-03-11 10:47:21] [Commander] Mounting filesystem
[2025-03-11 10:47:21] [Commander] Mounting filesystem
[2025-03-11 10:47:21] [Commander] Mounting filesystem
[2025-03-11 10:47:21] [Commander] Mounting filesystem
[2025-03-11 10:47:21] [Commander] Mounting filesystem
[2025-03-11 10:47:21] [Commander] Mounting filesystem
[2025-03-11 10:47:21] [Commander] Mounting filesystem
[2025-03-11 10:47:21] [Commander] Mounting filesystem
[2025-03-11 10:47:21] [Commander] Mounting filesystem
[2025-03-11 10:47:21] [Commander] Mounting filesystem
[2025-03-11 10:47:21] [Commander] Mounting filesystem
[2025-03-11 10:47:21] [Commander] Mounting filesystem
[2025-03-11 10:47:21] [Commander] Mounting filesystem
[2025-03-11 10:47:21] [Commander] Mounting filesystem
[2025-03-11 10:47:21] [Commander] Mounting filesystem
[2025-03-11 10:47:21] [Commander] Logger for Commander is starting in file mode
[2025-03-11 10:47:21] [Commander] Commander initialized.
[2025-03-11 10:47:21] [Commander] Logger for Commander in file mode is closed
[2025-03-11 10:47:21] [Commander] Mounting filesystem
[2025-03-11 10:47:21] [Commander] Mounting filesystem
[2025-03-11 10:47:21] [Commander] Mounting filesystem
[2025-03-11 10:47:21] [Commander] Mounting filesystem
[2025-03-11 10:47:21] [Commander] Mounting filesystem
[2025-03-11 10:47:21] [Commander] Mounting filesystem
[2025-03-11 10:47:21] [Commander] Mounting filesystem
[2025-03-11 10:47:21] [Commander] Mounting filesystem
[2025-03-11 10:47:21] [Commander] Mounting filesystem
[2025-03-11 10:47:21] [Commander] Mounting filesystem
[2025-03-11 10:47:21] [Commander] Mounting filesystem
[2025-03-11 10:47:21] [Commander] Mounting filesystem
[2025-03-11 10:47:21] [Commander] Mounting filesystem
[2025-03-11 10:47:21] [Commander] Mounting filesystem
[2025-03-11 10:47:21] [Commander] Mounting filesystem
[2025-03-11 10:47:21] [Commander] Mounting filesystem
[2025-03-11 10:47:21] [Commander] Mounting filesystem
[2025-03-11 10:47:21] [Commander] Mounting filesystem
[2025-03-11 10:47:21] [Commander] Mounting filesystem
[2025-03-11 10:47:21] [Commander] Mounting filesystem
[2025-03-11 10:47:21] [Commander] Mounting filesystem
[2025-03-11 10:47:21] [Commander] Mounting filesystem
[2025-03-11 10:47:21] [Commander] Mounting filesystem
[2025-03-11 10:47:21] [Commander] Mounting filesystem
[2025-03-11 10:47:21] [Commander] Mounting filesystem
[2025-03-11 10:47:21] [Commander] Mounting filesystem
[2025-03-11 10:47:21] [Commander] Mounting filesystem
[2025-03-11 10:47:21] [Commander] Mounting filesystem
[2025-03-11 10:47:21] [Commander] Mounting filesystem
[2025-03-11 10:47:21] [Commander] Mounting filesystem
[2025-03-11 10:47:21] [Commander] Mounting filesystem
[2025-03-11 10:47:21] [Commander] Mounting filesystem
[2025-03-11 10:47:21] [Commander] Mounting filesystem
[2025-03-11 10:47:21] [Commander] Mounting filesystem
[2025-03-11 10:47:21] [Commander] Mounting filesystem
[2025-03-11 10:47:21] [Commander] Mounting filesystem
[2025-03-11 10:47:21] [Commander] Mounting filesystem
[2025-03-11 10:47:21] [Commander] Mounting filesystem
[2025-03-11 10:47:21] [Commander] Mounting filesystem
[2025-03-11 10:47:21] [Commander] Mounting filesystem
[2025-03-11 10:47:21] [Commander] Mounting filesystem
[2025-03-11 10:47:21] [Commander] Mounting filesystem
[2025-03-11 10:47:21] [Commander] Logger for Commander in file mode is closed
[2025-03-11 11:16:32] [Commander] Logger for Commander is starting in file mode
[2025-03-11 11:16:32] [Commander] Commander initialized.
[2025-03-11 11:16:32] [Commander] Mounting filesystem
[2025-03-11 11:16:32] [Commander] Mounting filesystem
[2025-03-11 11:16:32] [Commander] Mounting filesystem
[2025-03-11 11:16:32] [Commander] Mounting filesystem
[2025-03-11 11:16:32] [Commander] Mounting filesystem
[2025-03-11 11:16:32] [Commander] Mounting filesystem
[2025-03-11 11:16:32] [Commander] Mounting filesystem
[2025-03-11 11:16:32] [Commander] Mounting filesystem
[2025-03-11 11:16:32] [Commander] Mounting filesystem
[2025-03-11 11:16:32] [Commander] Mounting filesystem
[2025-03-11 11:16:32] [Commander] Mounting filesystem
[2025-03-11 11:16:32] [Commander] Mounting filesystem
[2025-03-11 11:16:32] [Commander] Mounting filesystem
[2025-03-11 11:16:32] [Commander] Mounting filesystem
[2025-03-11 11:16:32] [Commander] Mounting filesystem
[2025-03-11 11:16:32] [Commander] Mounting filesystem
[2025-03-11 11:16:32] [Commander] Mounting filesystem
[2025-03-11 11:16:32] [Commander] Mounting filesystem
[2025-03-11 11:16:32] [Commander] Mounting filesystem
[2025-03-11 11:16:32] [Commander] Mounting filesystem
[2025-03-11 11:16:32] [Commander] Mounting filesystem
[2025-03-11 11:16:32] [Commander] Mounting filesystem
[2025-03-11 11:16:32] [Commander] Mounting filesystem
[2025-03-11 11:16:32] [Commander] Mounting filesystem
[2025-03-11 11:16:32] [Commander] Mounting filesystem
[2025-03-11 11:16:32] [Commander] Mounting filesystem
[2025-03-11 11:16:32] [Commander] Mounting filesystem
[2025-03-11 11:16:32] [Commander] Mounting filesystem
[2025-03-11 11:16:32] [Commander] Mounting filesystem
[2025-03-11 11:16:32] [Commander] Mounting filesystem
[2025-03-11 11:16:32] [Commander] Mounting filesystem
[2025-03-11 11:16:32] [Commander] Mounting filesystem
[2025-03-11 11:16:32] [Commander] Mounting filesystem
[2025-03-11 11:16:32] [Commander] Mounting filesystem
[2025-03-11 11:16:32] [Commander] Mounting filesystem
[2025-03-11 11:16:32] [Commander] Mounting filesystem
[2025-03-11 11:16:32] [Commander] Mounting filesystem
[2025-03-11 11:16:32] [Commander] Mounting filesystem
[2025-03-11 11:16:32] [Commander] Mounting filesystem
[2025-03-11 11:16:32] [Commander] Mounting filesystem
[2025-03-11 11:16:32] [Commander] Mounting filesystem
[2025-03-11 11:16:32] [Commander] Mounting filesystem
[2025-03-11 11:16:32] [Commander] Mounting filesystem
[2025-03-11 11:16:32] [Commander] Mounting filesystem
[2025-03-11 11:16:32] [Commander] Mounting filesystem
[2025-03-11 11:16:32] [Commander] Mounting filesystem
[2025-03-11 11:16:32] [Commander] Mounting filesystem
[2025-03-11 11:16:32] [Commander] Mounting filesystem
[2025-03-11 11:16:32] [Commander] Mounting filesystem
[2025-03-11 11:16:32] [Commander] Mounting filesystem
[2025-03-11 11:16:32] [Commander] Mounting filesystem
[2025-03-11 11:16:32] [Commander] Mounting filesystem
[2025-03-11 11:16:32] [Commander] Mounting filesystem
[2025-03-11 11:16:32] [Commander] Mounting filesystem
[2025-03-11 11:16:32] [Commander] Mounting filesystem
[2025-03-11 11:16:32] [Commander] Mounting filesystem
[2025-03-11 11:16:32] [Commander] Mounting filesystem
[2025-03-11 11:16:32] [Commander] Mounting filesystem
[2025-03-11 11:16:32] [Commander] Mounting filesystem
[2025-03-11 11:16:32] [Commander] Mounting filesystem
[2025-03-11 11:16:32] [Commander] Mounting filesystem
[2025-03-11 11:16:32] [Commander] Mounting filesystem
[2025-03-11 11:16:32] [Commander] Mounting filesystem
[2025-03-11 11:16:32] [Commander] Mounting filesystem
[2025-03-11 11:16:32] [Commander] Mounting filesystem
[2025-03-11 11:16:32] [Commander] Mounting filesystem
[2025-03-11 11:16:32] [Commander] Mounting filesystem
[2025-03-11 11:16:32] [Commander] Mounting filesystem
[2025-03-11 11:16:32] [Commander] Mounting filesystem
[2025-03-11 11:16:32] [Commander] Mounting filesystem
[2025-03-11 11:16:32] [Commander] Mounting filesystem
[2025-03-11 11:16:32] [Commander] Mounting filesystem
[2025-03-11 11:16:32] [Commander] Mounting filesystem
[2025-03-11 11:16:32] [Commander] Mounting filesystem
[2025-03-11 11:16:32] [Commander] Mounting filesystem
[2025-03-11 11:16:32] [Commander] Mounting filesystem
[2025-03-11 11:16:32] [Commander] Mounting filesystem
[2025-03-11 11:16:32] [Commander] Mounting filesystem
[2025-03-11 11:16:32] [Commander] Mounting filesystem
[2025-03-11 11:16:32] [Commander] Mounting filesystem
[2025-03-11 11:16:32] [Commander] Mounting filesystem
[2025-03-11 11:16:32] [Commander] Mounting filesystem
[2025-03-11 11:16:32] [Commander] Mounting filesystem
[2025-03-11 11:16:32] [Commander] Mounting filesystem
[2025-03-11 11:16:32] [Commander] Mounting filesystem
[2025-03-11 11:16:32] [Commander] Mounting filesystem
[2025-03-11 11:16:32] [Commander] Mounting filesystem
[2025-03-11 11:16:32] [Commander] Mounting filesystem
[2025-03-11 11:16:32] [Commander] Mounting filesystem
[2025-03-11 11:16:32] [Commander] Mounting filesystem
[2025-03-11 11:16:32] [Commander] Mounting filesystem
[2025-03-11 11:16:32] [Commander] Mounting filesystem
[2025-03-11 11:16:32] [Commander] Mounting filesystem
[2025-03-11 11:16:32] [Commander] Mounting filesystem
[2025-03-11 11:16:32] [Commander] Mounting filesystem
[2025-03-11 11:16:32] [Commander] Mounting filesystem
[2025-03-11 11:16:32] [Commander] Mounting filesystem
[2025-03-11 11:16:32] [Commander] Mounting filesystem
[2025-03-11 11:16:32] [Commander] Mounting filesystem
[2025-03-11 11:16:32] [Commander] Mounting filesystem
[2025-03-11 11:16:32] [Commander] Mounting filesystem
[2025-03-11 11:16:32] [Commander] Mounting filesystem
[2025-03-11 11:16:32] [Commander] Mounting filesystem
[2025-03-11 11:16:32] [Commander] Mounting filesystem
[2025-03-11 11:16:32] [Commander] Mounting filesystem
[2025-03-11 11:16:32] [Commander] Mounting filesystem
[2025-03-11 11:16:32] [Commander] Mounting filesystem
[2025-03-11 11:16:32] [Commander] Mounting filesystem
[2025-03-11 11:16:32] [Commander] Mounting filesystem
[2025-03-11 11:16:32] [Commander] Mounting filesystem
[2025-03-11 11:16:32] [Commander] Mounting filesystem
[2025-03-11 11:16:32] [Commander] Mounting filesystem
[2025-03-11 11:16:32] [Commander] Mounting filesystem
[2025-03-11 11:16:32] [Commander] Mounting filesystem
[2025-03-11 11:16:32] [Commander] Mounting filesystem
[2025-03-11 11:16:32] [Commander] Mounting filesystem
[2025-03-11 11:16:32] [Commander] Mounting filesystem
[2025-03-11 11:16:32] [Commander] Mounting filesystem
[2025-03-11 11:16:32] [Commander] Mounting filesystem
[2025-03-11 11:16:32] [Commander] Mounting filesystem
[2025-03-11 11:16:32] [Commander] Mounting filesystem
[2025-03-11 11:16:32] [Commander] Mounting filesystem
[2025-03-11 11:16:32] [Commander] Mounting filesystem
[2025-03-11 11:16:32] [Commander] Mounting filesystem
[2025-03-11 11:16:32] [Commander] Mounting filesystem
[2025-03-11 11:16:32] [Commander] Mounting filesystem
[2025-03-11 11:16:32] [Commander] Mounting filesystem
[2025-03-11 11:16:32] [Commander] Mounting filesystem
[2025-03-11 11:16:32] [Commander] Mounting filesystem
[2025-03-11 11:16:32] [Commander] Mounting filesystem
[2025-03-11 11:16:32] [Commander] Mounting filesystem
[2025-03-11 11:16:32] [Commander] Mounting filesystem
[2025-03-11 11:16:32] [Commander] Mounting filesystem
[2025-03-11 11:16:32] [Commander] Mounting filesystem
[2025-03-11 11:16:32] [Commander] Mounting filesystem
[2025-03-11 11:16:32] [Commander] Mounting filesystem
[2025-03-11 11:16:32] [Commander] Mounting filesystem
[2025-03-11 11:16:32] [Commander] Mounting filesystem
[2025-03-11 11:16:32] [Commander] Mounting filesystem
[2025-03-11 11:16:32] [Commander] Mounting filesystem
[2025-03-11 11:16:32] [Commander] Mounting filesystem
[2025-03-11 11:16:32] [Commander] Mounting filesystem
[2025-03-11 11:16:32] [Commander] Mounting filesystem
[2025-03-11 11:16:32] [Commander] Mounting filesystem
[2025-03-11 11:16:32] [Commander] Mounting filesystem
[2025-03-11 11:16:32] [Commander] Mounting filesystem
[2025-03-11 11:16:32] [Commander] Mounting filesystem
[2025-03-11 11:16:32] [Commander] Mounting filesystem
[2025-03-11 11:16:32] [Commander] Mounting filesystem
[2025-03-11 11:16:32] [Commander] Mounting filesystem
[2025-03-11 11:16:32] [Commander] Mounting filesystem
[2025-03-11 11:16:32] [Commander] Mounting filesystem
[2025-03-11 11:16:32] [Commander] Mounting filesystem
[2025-03-11 11:16:32] [Commander] Mounting filesystem
[2025-03-11 11:16:32] [Commander] Mounting filesystem
[2025-03-11 11:16:32] [Commander] Mounting filesystem
[2025-03-11 11:16:32] [Commander] Mounting filesystem
[2025-03-11 11:16:32] [Commander] Mounting filesystem
[2025-03-11 11:16:32] [Commander] Mounting filesystem
[2025-03-11 11:16:32] [Commander] Mounting filesystem
[2025-03-11 11:16:32] [Commander] Mounting filesystem
[2025-03-11 11:16:32] [Commander] Mounting filesystem
[2025-03-11 11:16:32] [Commander] Mounting filesystem
[2025-03-11 11:16:32] [Commander] Mounting filesystem
[2025-03-11 11:16:32] [Commander] Mounting filesystem
[2025-03-11 11:16:32] [Commander] Mounting filesystem
[2025-03-11 11:16:32] [Commander] Mounting filesystem
[2025-03-11 11:16:32] [Commander] Mounting filesystem
[2025-03-11 11:16:32] [Commander] Mounting filesystem
[2025-03-11 11:16:32] [Commander] Mounting filesystem
[2025-03-11 11:16:32] [Commander] Mounting filesystem
[2025-03-11 11:16:32] [Commander] Mounting filesystem
[2025-03-11 11:16:32] [Commander] Mounting filesystem
[2025-03-11 11:16:32] [Commander] Mounting filesystem
[2025-03-11 11:16:32] [Commander] Mounting filesystem
[2025-03-11 11:16:32] [Commander] Mounting filesystem
[2025-03-11 11:16:32] [Commander] Mounting filesystem
[2025-03-11 11:16:32] [Commander] Mounting filesystem
[2025-03-11 11:16:32] [Commander] Mounting filesystem
[2025-03-11 11:16:32] [Commander] Mounting filesystem
[2025-03-11 11:16:32] [Commander] Mounting filesystem
[2025-03-11 11:16:32] [Commander] Mounting filesystem
[2025-03-11 11:16:32] [Commander] Mounting filesystem
[2025-03-11 11:16:32] [Commander] Mounting filesystem
[2025-03-11 11:16:32] [Commander] Mounting filesystem
[2025-03-11 11:16:32] [Commander] Mounting filesystem
[2025-03-11 11:16:32] [Commander] Mounting filesystem
[2025-03-11 11:16:32] [Commander] Mounting filesystem
[2025-03-11 11:16:32] [Commander] Mounting filesystem
[2025-03-11 11:16:32] [Commander] Mounting filesystem
[2025-03-11 11:16:32] [Commander] Mounting filesystem
[2025-03-11 11:16:32] [Commander] Mounting filesystem
[2025-03-11 11:16:32] [Commander] Mounting filesystem
[2025-03-11 11:16:32] [Commander] Mounting filesystem
[2025-03-11 11:16:32] [Commander] Mounting filesystem
[2025-03-11 11:16:32] [Commander] Mounting filesystem
[2025-03-11 11:16:32] [Commander] Mounting filesystem
[2025-03-11 11:16:32] [Commander] Mounting filesystem
[2025-03-11 11:16:32] [Commander] Mounting filesystem
[2025-03-11 11:16:32] [Commander] Mounting filesystem
[2025-03-11 11:16:32] [Commander] Mounting filesystem
[2025-03-11 11:16:32] [Commander] Mounting filesystem
[2025-03-11 11:16:32] [Commander] Mounting filesystem
[2025-03-11 11:16:32] [Commander] Mounting filesystem
[2025-03-11 11:16:32] [Commander] Mounting filesystem
[2025-03-11 11:16:32] [Commander] Mounting filesystem
[2025-03-11 11:16:32] [Commander] Mounting filesystem
[2025-03-11 11:16:32] [Commander] Mounting filesystem
[2025-03-11 11:16:32] [Commander] Mounting filesystem
[2025-03-11 11:16:32] [Commander] Mounting filesystem
[2025-03-11 11:16:32] [Commander] Mounting filesystem
[2025-03-11 11:16:32] [Commander] Mounting filesystem
[2025-03-11 11:16:32] [Commander] Mounting filesystem
[2025-03-11 11:16:32] [Commander] Mounting filesystem
[2025-03-11 11:16:32] [Commander] Mounting filesystem
[2025-03-11 11:16:32] [Commander] Mounting filesystem
[2025-03-11 11:16:32] [Commander] Mounting filesystem
[2025-03-11 11:16:32] [Commander] Mounting filesystem
[2025-03-11 11:16:32] [Commander] Mounting filesystem
[2025-03-11 11:16:32] [Commander] Mounting filesystem
[2025-03-11 11:16:32] [Commander] Mounting filesystem
[2025-03-11 11:16:32] [Commander] Mounting filesystem
[2025-03-11 11:16:32] [Commander] Mounting filesystem
[2025-03-11 11:16:32] [Commander] Mounting filesystem
[2025-03-11 11:16:32] [Commander] Mounting filesystem
[2025-03-11 11:16:32] [Commander] Mounting filesystem
[2025-03-11 11:16:32] [Commander] Mounting filesystem
[2025-03-11 11:16:32] [Commander] Mounting filesystem
[2025-03-11 11:16:32] [Commander] Mounting filesystem
[2025-03-11 11:16:32] [Commander] Mounting filesystem
[2025-03-11 11:16:32] [Commander] Mounting filesystem
[2025-03-11 11:16:32] [Commander] Mounting filesystem
[2025-03-11 11:16:32] [Commander] Mounting filesystem
[2025-03-11 11:16:32] [Commander] Mounting filesystem
[2025-03-11 11:16:32] [Commander] Mounting filesystem
[2025-03-11 11:16:32] [Commander] Mounting filesystem
[2025-03-11 11:16:32] [Commander] Mounting filesystem
[2025-03-11 11:16:32] [Commander] Mounting filesystem
[2025-03-11 11:16:32] [Commander] Mounting filesystem
[2025-03-11 11:16:32] [Commander] Mounting filesystem
[2025-03-11 11:16:32] [Commander] Mounting filesystem
[2025-03-11 11:16:32] [Commander] Mounting filesystem
[2025-03-11 11:16:32] [Commander] Mounting filesystem
[2025-03-11 11:16:32] [Commander] Mounting filesystem
[2025-03-11 11:16:32] [Commander] Mounting filesystem
[2025-03-11 11:16:32] [Commander] Mounting filesystem
[2025-03-11 11:16:32] [Commander] Mounting filesystem
[2025-03-11 11:16:32] [Commander] Mounting filesystem
[2025-03-11 11:16:32] [Commander] Mounting filesystem
[2025-03-11 11:16:32] [Commander] Mounting filesystem
[2025-03-11 11:16:32] [Commander] Mounting filesystem
[2025-03-11 11:16:32] [Commander] Mounting filesystem
[2025-03-11 11:16:32] [Commander] Mounting filesystem
[2025-03-11 11:16:32] [Commander] Mounting filesystem
[2025-03-11 11:16:32] [Commander] Mounting filesystem
[2025-03-11 11:16:32] [Commander] Mounting filesystem
[2025-03-11 11:16:32] [Commander] Mounting filesystem
[2025-03-11 11:16:32] [Commander] Mounting filesystem
[2025-03-11 11:16:32] [Commander] Mounting filesystem
[2025-03-11 11:16:32] [Commander] Mounting filesystem
[2025-03-11 11:16:32] [Commander] Mounting filesystem
[2025-03-11 11:16:32] [Commander] Mounting filesystem
[2025-03-11 11:16:32] [Commander] Mounting filesystem
[2025-03-11 11:16:32] [Commander] Mounting filesystem
[2025-03-11 11:16:32] [Commander] Mounting filesystem
[2025-03-11 11:16:32] [Commander] Mounting filesystem
[2025-03-11 11:16:32] [Commander] Mounting filesystem
[2025-03-11 11:16:32] [Commander] Mounting filesystem
[2025-03-11 11:16:32] [Commander] Mounting filesystem
[2025-03-11 11:16:32] [Commander] Mounting filesystem
[2025-03-11 11:16:32] [Commander] Mounting filesystem
[2025-03-11 11:16:32] [Commander] Mounting filesystem
[2025-03-11 11:16:32] [Commander] Mounting filesystem
[2025-03-11 11:16:32] [Commander] Mounting filesystem
[2025-03-11 11:16:32] [Commander] Mounting filesystem
[2025-03-11 11:16:32] [Commander] Mounting filesystem
[2025-03-11 11:16:32] [Commander] Mounting filesystem
[2025-03-11 11:16:32] [Commander] Mounting filesystem
[2025-03-11 11:16:32] [Commander] Mounting filesystem
[2025-03-11 11:16:32] [Commander] Mounting filesystem
[2025-03-11 11:16:32] [Commander] Mounting filesystem
[2025-03-11 11:16:32] [Commander] Mounting filesystem
[2025-03-11 11:16:32] [Commander] Mounting filesystem
[2025-03-11 11:16:32] [Commander] Mounting filesystem
[2025-03-11 11:16:32] [Commander] Mounting filesystem
[2025-03-11 11:16:32] [Commander] Mounting filesystem
[2025-03-11 11:16:32] [Commander] Mounting filesystem
[2025-03-11 11:16:32] [Commander] Mounting filesystem
[2025-03-11 11:16:32] [Commander] Mounting filesystem
[2025-03-11 11:16:32] [Commander] Mounting filesystem
[2025-03-11 11:16:32] [Commander] Mounting filesystem
[2025-03-11 11:16:32] [Commander] Mounting filesystem
[2025-03-11 11:16:32] [Commander] Mounting filesystem
[2025-03-11 11:16:32] [Commander] Mounting filesystem
[2025-03-11 11:16:32] [Commander] Mounting filesystem
[2025-03-11 11:16:32] [Commander] Mounting filesystem
[2025-03-11 11:16:32] [Commander] Mounting filesystem
[2025-03-11 11:16:32] [Commander] Mounting filesystem
[2025-03-11 11:16:32] [Commander] Mounting filesystem
[2025-03-11 11:16:32] [Commander] Mounting filesystem
[2025-03-11 11:16:32] [Commander] Mounting filesystem
[2025-03-11 11:16:32] [Commander] Mounting filesystem
[2025-03-11 11:16:32] [Commander] Mounting filesystem
[2025-03-11 11:16:32] [Commander] Mounting filesystem
[2025-03-11 11:16:32] [Commander] Mounting filesystem
[2025-03-11 11:16:32] [Commander] Mounting filesystem
[2025-03-11 11:16:32] [Commander] Mounting filesystem
[2025-03-11 11:16:32] [Commander] Mounting filesystem
[2025-03-11 11:16:32] [Commander] Mounting filesystem
[2025-03-11 11:16:32] [Commander] Mounting filesystem
[2025-03-11 11:16:32] [Commander] Mounting filesystem
[2025-03-11 11:16:32] [Commander] Mounting filesystem
[2025-03-11 11:16:32] [Commander] Mounting filesystem
[2025-03-11 11:16:32] [Commander] Mounting filesystem
[2025-03-11 11:16:32] [Commander] Mounting filesystem
[2025-03-11 11:16:32] [Commander] Mounting filesystem
[2025-03-11 11:16:32] [Commander] Mounting filesystem
[2025-03-11 11:16:32] [Commander] Mounting filesystem
[2025-03-11 11:16:32] [Commander] Mounting filesystem
[2025-03-11 11:16:32] [Commander] Mounting filesystem
[2025-03-11 11:16:32] [Commander] Mounting filesystem
[2025-03-11 11:16:32] [Commander] Mounting filesystem
[2025-03-11 11:16:32] [Commander] Mounting filesystem
[2025-03-11 11:16:32] [Commander] Mounting filesystem
[2025-03-11 11:16:32] [Commander] Mounting filesystem
[2025-03-11 11:16:32] [Commander] Mounting filesystem
[2025-03-11 11:16:32] [Commander] Mounting filesystem
[2025-03-11 11:16:32] [Commander] Mounting filesystem
[2025-03-11 11:16:32] [Commander] Mounting filesystem
[2025-03-11 11:16:32] [Commander] Mounting filesystem
[2025-03-11 11:16:32] [Commander] Mounting filesystem
[2025-03-11 11:16:32] [Commander] Mounting filesystem
[2025-03-11 11:16:32] [Commander] Mounting filesystem
[2025-03-11 11:16:32] [Commander] Mounting filesystem
[2025-03-11 11:16:32] [Commander] Mounting filesystem
[2025-03-11 11:16:32] [Commander] Mounting filesystem
[2025-03-11 11:16:32] [Commander] Mounting filesystem
[2025-03-11 11:16:32] [Commander] Mounting filesystem
[2025-03-11 11:16:32] [Commander] Mounting filesystem
[2025-03-11 11:16:32] [Commander] Mounting filesystem
[2025-03-11 11:16:32] [Commander] Mounting filesystem
[2025-03-11 11:16:32] [Commander] Mounting filesystem
[2025-03-11 11:16:32] [Commander] Mounting filesystem
[2025-03-11 11:16:32] [Commander] Mounting filesystem
[2025-03-11 11:16:32] [Commander] Mounting filesystem
[2025-03-11 11:16:32] [Commander] Mounting filesystem
[2025-03-11 11:16:32] [Commander] Mounting filesystem
[2025-03-11 11:16:32] [Commander] Mounting filesystem
[2025-03-11 11:16:32] [Commander] Mounting filesystem
[2025-03-11 11:16:32] [Commander] Mounting filesystem
[2025-03-11 11:16:32] [Commander] Mounting filesystem
[2025-03-11 11:16:32] [Commander] Mounting filesystem
[2025-03-11 11:16:32] [Commander] Mounting filesystem
[2025-03-11 11:16:32] [Commander] Mounting filesystem
[2025-03-11 11:16:32] [Commander] Mounting filesystem
[2025-03-11 11:16:32] [Commander] Mounting filesystem
[2025-03-11 11:16:32] [Commander] Mounting filesystem
[2025-03-11 11:16:32] [Commander] Mounting filesystem
[2025-03-11 11:16:32] [Commander] Mounting filesystem
[2025-03-11 11:16:32] [Commander] Mounting filesystem
[2025-03-11 11:16:32] [Commander] Mounting filesystem
[2025-03-11 11:16:32] [Commander] Mounting filesystem
[2025-03-11 11:16:32] [Commander] Mounting filesystem
[2025-03-11 11:16:32] [Commander] Mounting filesystem
[2025-03-11 11:16:32] [Commander] Mounting filesystem
[2025-03-11 11:16:32] [Commander] Mounting filesystem
[2025-03-11 11:16:32] [Commander] Mounting filesystem
[2025-03-11 11:16:32] [Commander] Mounting filesystem
[2025-03-11 11:16:32] [Commander] Mounting filesystem
[2025-03-11 11:16:32] [Commander] Mounting filesystem
[2025-03-11 11:16:32] [Commander] Mounting filesystem
[2025-03-11 11:16:32] [Commander] Mounting filesystem
[2025-03-11 11:16:32] [Commander] Mounting filesystem
[2025-03-11 11:16:32] [Commander] Mounting filesystem
[2025-03-11 11:16:32] [Commander] Mounting filesystem
[2025-03-11 11:16:32] [Commander] Mounting filesystem
[2025-03-11 11:16:32] [Commander] Mounting filesystem
[2025-03-11 11:16:32] [Commander] Mounting filesystem
[2025-03-11 11:16:32] [Commander] Mounting filesystem
[2025-03-11 11:16:32] [Commander] Mounting filesystem
[2025-03-11 11:16:32] [Commander] Mounting filesystem
[2025-03-11 11:16:32] [Commander] Mounting filesystem
[2025-03-11 11:16:32] [Commander] Mounting filesystem
[2025-03-11 11:16:32] [Commander] Mounting filesystem
[2025-03-11 11:16:32] [Commander] Mounting filesystem
[2025-03-11 11:16:32] [Commander] Mounting filesystem
[2025-03-11 11:16:32] [Commander] Mounting filesystem
[2025-03-11 11:16:32] [Commander] Mounting filesystem
[2025-03-11 11:16:32] [Commander] Mounting filesystem
[2025-03-11 11:16:32] [Commander] Mounting filesystem
[2025-03-11 11:16:32] [Commander] Mounting filesystem
[2025-03-11 11:16:32] [Commander] Mounting filesystem
[2025-03-11 11:16:32] [Commander] Mounting filesystem
[2025-03-11 11:16:32] [Commander] Mounting filesystem
[2025-03-11 11:16:32] [Commander] Mounting filesystem
[2025-03-11 11:16:32] [Commander] Mounting filesystem
[2025-03-11 11:16:32] [Commander] Mounting filesystem
[2025-03-11 11:16:32] [Commander] Mounting filesystem
[2025-03-11 11:16:32] [Commander] Mounting filesystem
[2025-03-11 11:16:32] [Commander] Mounting filesystem
[2025-03-11 11:16:32] [Commander] Mounting filesystem
[2025-03-11 11:16:32] [Commander] Mounting filesystem
[2025-03-11 11:16:32] [Commander] Mounting filesystem
[2025-03-11 11:16:32] [Commander] Mounting filesystem
[2025-03-11 11:16:32] [Commander] Mounting filesystem
[2025-03-11 11:16:32] [Commander] Mounting filesystem
[2025-03-11 11:16:32] [Commander] Mounting filesystem
[2025-03-11 11:16:32] [Commander] Mounting filesystem
[2025-03-11 11:16:32] [Commander] Mounting filesystem
[2025-03-11 11:16:32] [Commander] Mounting filesystem
[2025-03-11 11:16:32] [Commander] Mounting filesystem
[2025-03-11 11:16:32] [Commander] Mounting filesystem
[2025-03-11 11:16:32] [Commander] Mounting filesystem
[2025-03-11 11:16:32] [Commander] Mounting filesystem
[2025-03-11 11:16:32] [Commander] Mounting filesystem
[2025-03-11 11:16:32] [Commander] Mounting filesystem
[2025-03-11 11:16:32] [Commander] Mounting filesystem
[2025-03-11 11:16:32] [Commander] Mounting filesystem
[2025-03-11 11:16:32] [Commander] Mounting filesystem
[2025-03-11 11:16:32] [Commander] Mounting filesystem
[2025-03-11 11:16:32] [Commander] Mounting filesystem
[2025-03-11 11:16:32] [Commander] Mounting filesystem
[2025-03-11 11:16:32] [Commander] Mounting filesystem
[2025-03-11 11:16:32] [Commander] Mounting filesystem
[2025-03-11 11:16:32] [Commander] Mounting filesystem
[2025-03-11 11:16:32] [Commander] Mounting filesystem
[2025-03-11 11:16:32] [Commander] Mounting filesystem
[2025-03-11 11:16:32] [Commander] Mounting filesystem
[2025-03-11 11:16:32] [Commander] Mounting filesystem
[2025-03-11 11:16:32] [Commander] Mounting filesystem
[2025-03-11 11:16:32] [Commander] Mounting filesystem
[2025-03-11 11:16:32] [Commander] Mounting filesystem
[2025-03-11 11:16:32] [Commander] Mounting filesystem
[2025-03-11 11:16:32] [Commander] Mounting filesystem
[2025-03-11 11:16:32] [Commander] Mounting filesystem
[2025-03-11 11:16:32] [Commander] Mounting filesystem
[2025-03-11 11:16:32] [Commander] Mounting filesystem
[2025-03-11 11:16:32] [Commander] Mounting filesystem
[2025-03-11 11:16:32] [Commander] Mounting filesystem
[2025-03-11 11:16:32] [Commander] Mounting filesystem
[2025-03-11 11:16:32] [Commander] Mounting filesystem
[2025-03-11 11:16:32] [Commander] Mounting filesystem
[2025-03-11 11:16:32] [Commander] Mounting filesystem
[2025-03-11 11:16:32] [Commander] Mounting filesystem
[2025-03-11 11:16:32] [Commander] Mounting filesystem
[2025-03-11 11:16:32] [Commander] Mounting filesystem
[2025-03-11 11:16:32] [Commander] Mounting filesystem
[2025-03-11 11:16:32] [Commander] Mounting filesystem
[2025-03-11 11:16:32] [Commander] Mounting filesystem
[2025-03-11 11:16:32] [Commander] Mounting filesystem
[2025-03-11 11:16:32] [Commander] Mounting filesystem
[2025-03-11 11:16:32] [Commander] Logger for Commander is starting in file mode
[2025-03-11 11:16:32] [Commander] Commander initialized.
[2025-03-11 11:16:33] [Commander] Logger for Commander in file mode is closed
[2025-03-11 11:16:32] [Commander] Mounting filesystem
[2025-03-11 11:16:32] [Commander] Mounting filesystem
[2025-03-11 11:16:32] [Commander] Mounting filesystem
[2025-03-11 11:16:32] [Commander] Mounting filesystem
[2025-03-11 11:16:32] [Commander] Mounting filesystem
[2025-03-11 11:16:32] [Commander] Mounting filesystem
[2025-03-11 11:16:32] [Commander] Mounting filesystem
[2025-03-11 11:16:32] [Commander] Mounting filesystem
[2025-03-11 11:16:32] [Commander] Mounting filesystem
[2025-03-11 11:16:32] [Commander] Mounting filesystem
[2025-03-11 11:16:32] [Commander] Mounting filesystem
[2025-03-11 11:16:32] [Commander] Mounting filesystem
[2025-03-11 11:16:32] [Commander] Mounting filesystem
[2025-03-11 11:16:32] [Commander] Mounting filesystem
[2025-03-11 11:16:32] [Commander] Mounting filesystem
[2025-03-11 11:16:32] [Commander] Mounting filesystem
[2025-03-11 11:16:32] [Commander] Mounting filesystem
[2025-03-11 11:16:32] [Commander] Mounting filesystem
[2025-03-11 11:16:32] [Commander] Mounting filesystem
[2025-03-11 11:16:32] [Commander] Mounting filesystem
[2025-03-11 11:16:32] [Commander] Mounting filesystem
[2025-03-11 11:16:32] [Commander] Mounting filesystem
[2025-03-11 11:16:32] [Commander] Mounting filesystem
[2025-03-11 11:16:32] [Commander] Mounting filesystem
[2025-03-11 11:16:32] [Commander] Mounting filesystem
[2025-03-11 11:16:32] [Commander] Mounting filesystem
[2025-03-11 11:16:32] [Commander] Mounting filesystem
[2025-03-11 11:16:32] [Commander] Mounting filesystem
[2025-03-11 11:16:32] [Commander] Mounting filesystem
[2025-03-11 11:16:32] [Commander] Mounting filesystem
[2025-03-11 11:16:32] [Commander] Mounting filesystem
[2025-03-11 11:16:32] [Commander] Mounting filesystem
[2025-03-11 11:16:32] [Commander] Mounting filesystem
[2025-03-11 11:16:32] [Commander] Mounting filesystem
[2025-03-11 11:16:32] [Commander] Mounting filesystem
[2025-03-11 11:16:32] [Commander] Mounting filesystem
[2025-03-11 11:16:32] [Commander] Mounting filesystem
[2025-03-11 11:16:32] [Commander] Mounting filesystem
[2025-03-11 11:16:32] [Commander] Mounting filesystem
[2025-03-11 11:16:32] [Commander] Mounting filesystem
[2025-03-11 11:16:32] [Commander] Mounting filesystem
[2025-03-11 11:16:32] [Commander] Mounting filesystem
[2025-03-11 11:16:33] [Commander] Logger for Commander in file mode is closed
[2025-03-11 11:18:17] [Commander] Logger for Commander is starting in file mode
[2025-03-11 11:18:17] [Commander] Commander initialized.
[2025-03-11 11:18:17] [Commander] Mounting filesystem
[2025-03-11 11:18:17] [Commander] Mounting filesystem
[2025-03-11 11:18:17] [Commander] Mounting filesystem
[2025-03-11 11:18:17] [Commander] Mounting filesystem
[2025-03-11 11:18:17] [Commander] Mounting filesystem
[2025-03-11 11:18:17] [Commander] Mounting filesystem
[2025-03-11 11:18:17] [Commander] Mounting filesystem
[2025-03-11 11:18:17] [Commander] Mounting filesystem
[2025-03-11 11:18:17] [Commander] Mounting filesystem
[2025-03-11 11:18:17] [Commander] Mounting filesystem
[2025-03-11 11:18:17] [Commander] Mounting filesystem
[2025-03-11 11:18:17] [Commander] Mounting filesystem
[2025-03-11 11:18:17] [Commander] Mounting filesystem
[2025-03-11 11:18:17] [Commander] Mounting filesystem
[2025-03-11 11:18:17] [Commander] Mounting filesystem
[2025-03-11 11:18:17] [Commander] Mounting filesystem
[2025-03-11 11:18:17] [Commander] Mounting filesystem
[2025-03-11 11:18:17] [Commander] Mounting filesystem
[2025-03-11 11:18:17] [Commander] Mounting filesystem
[2025-03-11 11:18:17] [Commander] Mounting filesystem
[2025-03-11 11:18:17] [Commander] Mounting filesystem
[2025-03-11 11:18:17] [Commander] Mounting filesystem
[2025-03-11 11:18:17] [Commander] Mounting filesystem
[2025-03-11 11:18:17] [Commander] Mounting filesystem
[2025-03-11 11:18:17] [Commander] Mounting filesystem
[2025-03-11 11:18:17] [Commander] Mounting filesystem
[2025-03-11 11:18:17] [Commander] Mounting filesystem
[2025-03-11 11:18:17] [Commander] Mounting filesystem
[2025-03-11 11:18:17] [Commander] Mounting filesystem
[2025-03-11 11:18:17] [Commander] Mounting filesystem
[2025-03-11 11:18:17] [Commander] Mounting filesystem
[2025-03-11 11:18:17] [Commander] Mounting filesystem
[2025-03-11 11:18:17] [Commander] Mounting filesystem
[2025-03-11 11:18:17] [Commander] Mounting filesystem
[2025-03-11 11:18:17] [Commander] Mounting filesystem
[2025-03-11 11:18:17] [Commander] Mounting filesystem
[2025-03-11 11:18:17] [Commander] Mounting filesystem
[2025-03-11 11:18:17] [Commander] Mounting filesystem
[2025-03-11 11:18:17] [Commander] Mounting filesystem
[2025-03-11 11:18:17] [Commander] Mounting filesystem
[2025-03-11 11:18:17] [Commander] Mounting filesystem
[2025-03-11 11:18:17] [Commander] Mounting filesystem
[2025-03-11 11:18:17] [Commander] Mounting filesystem
[2025-03-11 11:18:17] [Commander] Mounting filesystem
[2025-03-11 11:18:17] [Commander] Mounting filesystem
[2025-03-11 11:18:17] [Commander] Mounting filesystem
[2025-03-11 11:18:17] [Commander] Mounting filesystem
[2025-03-11 11:18:17] [Commander] Mounting filesystem
[2025-03-11 11:18:17] [Commander] Mounting filesystem
[2025-03-11 11:18:17] [Commander] Mounting filesystem
[2025-03-11 11:18:17] [Commander] Mounting filesystem
[2025-03-11 11:18:17] [Commander] Mounting filesystem
[2025-03-11 11:18:17] [Commander] Mounting filesystem
[2025-03-11 11:18:17] [Commander] Mounting filesystem
[2025-03-11 11:18:17] [Commander] Mounting filesystem
[2025-03-11 11:18:17] [Commander] Mounting filesystem
[2025-03-11 11:18:17] [Commander] Mounting filesystem
[2025-03-11 11:18:17] [Commander] Mounting filesystem
[2025-03-11 11:18:17] [Commander] Mounting filesystem
[2025-03-11 11:18:17] [Commander] Mounting filesystem
[2025-03-11 11:18:17] [Commander] Mounting filesystem
[2025-03-11 11:18:17] [Commander] Mounting filesystem
[2025-03-11 11:18:17] [Commander] Mounting filesystem
[2025-03-11 11:18:17] [Commander] Mounting filesystem
[2025-03-11 11:18:17] [Commander] Mounting filesystem
[2025-03-11 11:18:17] [Commander] Mounting filesystem
[2025-03-11 11:18:17] [Commander] Mounting filesystem
[2025-03-11 11:18:17] [Commander] Mounting filesystem
[2025-03-11 11:18:17] [Commander] Mounting filesystem
[2025-03-11 11:18:17] [Commander] Mounting filesystem
[2025-03-11 11:18:17] [Commander] Mounting filesystem
[2025-03-11 11:18:17] [Commander] Mounting filesystem
[2025-03-11 11:18:17] [Commander] Mounting filesystem
[2025-03-11 11:18:17] [Commander] Mounting filesystem
[2025-03-11 11:18:17] [Commander] Mounting filesystem
[2025-03-11 11:18:17] [Commander] Mounting filesystem
[2025-03-11 11:18:17] [Commander] Mounting filesystem
[2025-03-11 11:18:17] [Commander] Mounting filesystem
[2025-03-11 11:18:17] [Commander] Mounting filesystem
[2025-03-11 11:18:17] [Commander] Mounting filesystem
[2025-03-11 11:18:17] [Commander] Mounting filesystem
[2025-03-11 11:18:17] [Commander] Mounting filesystem
[2025-03-11 11:18:17] [Commander] Mounting filesystem
[2025-03-11 11:18:17] [Commander] Mounting filesystem
[2025-03-11 11:18:17] [Commander] Mounting filesystem
[2025-03-11 11:18:17] [Commander] Mounting filesystem
[2025-03-11 11:18:17] [Commander] Mounting filesystem
[2025-03-11 11:18:17] [Commander] Mounting filesystem
[2025-03-11 11:18:17] [Commander] Mounting filesystem
[2025-03-11 11:18:17] [Commander] Mounting filesystem
[2025-03-11 11:18:17] [Commander] Mounting filesystem
[2025-03-11 11:18:17] [Commander] Mounting filesystem
[2025-03-11 11:18:17] [Commander] Mounting filesystem
[2025-03-11 11:18:17] [Commander] Mounting filesystem
[2025-03-11 11:18:17] [Commander] Mounting filesystem
[2025-03-11 11:18:17] [Commander] Mounting filesystem
[2025-03-11 11:18:17] [Commander] Mounting filesystem
[2025-03-11 11:18:17] [Commander] Mounting filesystem
[2025-03-11 11:18:17] [Commander] Mounting filesystem
[2025-03-11 11:18:17] [Commander] Mounting filesystem
[2025-03-11 11:18:17] [Commander] Mounting filesystem
[2025-03-11 11:18:17] [Commander] Mounting filesystem
[2025-03-11 11:18:17] [Commander] Mounting filesystem
[2025-03-11 11:18:17] [Commander] Mounting filesystem
[2025-03-11 11:18:17] [Commander] Mounting filesystem
[2025-03-11 11:18:17] [Commander] Mounting filesystem
[2025-03-11 11:18:17] [Commander] Mounting filesystem
[2025-03-11 11:18:17] [Commander] Mounting filesystem
[2025-03-11 11:18:17] [Commander] Mounting filesystem
[2025-03-11 11:18:17] [Commander] Mounting filesystem
[2025-03-11 11:18:17] [Commander] Mounting filesystem
[2025-03-11 11:18:17] [Commander] Mounting filesystem
[2025-03-11 11:18:17] [Commander] Mounting filesystem
[2025-03-11 11:18:17] [Commander] Mounting filesystem
[2025-03-11 11:18:17] [Commander] Mounting filesystem
[2025-03-11 11:18:17] [Commander] Mounting filesystem
[2025-03-11 11:18:17] [Commander] Mounting filesystem
[2025-03-11 11:18:17] [Commander] Mounting filesystem
[2025-03-11 11:18:17] [Commander] Mounting filesystem
[2025-03-11 11:18:17] [Commander] Mounting filesystem
[2025-03-11 11:18:17] [Commander] Mounting filesystem
[2025-03-11 11:18:17] [Commander] Mounting filesystem
[2025-03-11 11:18:17] [Commander] Mounting filesystem
[2025-03-11 11:18:17] [Commander] Mounting filesystem
[2025-03-11 11:18:17] [Commander] Mounting filesystem
[2025-03-11 11:18:17] [Commander] Mounting filesystem
[2025-03-11 11:18:17] [Commander] Mounting filesystem
[2025-03-11 11:18:17] [Commander] Mounting filesystem
[2025-03-11 11:18:17] [Commander] Mounting filesystem
[2025-03-11 11:18:17] [Commander] Mounting filesystem
[2025-03-11 11:18:17] [Commander] Mounting filesystem
[2025-03-11 11:18:17] [Commander] Mounting filesystem
[2025-03-11 11:18:17] [Commander] Mounting filesystem
[2025-03-11 11:18:17] [Commander] Mounting filesystem
[2025-03-11 11:18:17] [Commander] Mounting filesystem
[2025-03-11 11:18:17] [Commander] Mounting filesystem
[2025-03-11 11:18:17] [Commander] Mounting filesystem
[2025-03-11 11:18:17] [Commander] Mounting filesystem
[2025-03-11 11:18:17] [Commander] Mounting filesystem
[2025-03-11 11:18:17] [Commander] Mounting filesystem
[2025-03-11 11:18:17] [Commander] Mounting filesystem
[2025-03-11 11:18:17] [Commander] Mounting filesystem
[2025-03-11 11:18:17] [Commander] Mounting filesystem
[2025-03-11 11:18:17] [Commander] Mounting filesystem
[2025-03-11 11:18:17] [Commander] Mounting filesystem
[2025-03-11 11:18:17] [Commander] Mounting filesystem
[2025-03-11 11:18:17] [Commander] Mounting filesystem
[2025-03-11 11:18:17] [Commander] Mounting filesystem
[2025-03-11 11:18:17] [Commander] Mounting filesystem
[2025-03-11 11:18:17] [Commander] Mounting filesystem
[2025-03-11 11:18:17] [Commander] Mounting filesystem
[2025-03-11 11:18:17] [Commander] Mounting filesystem
[2025-03-11 11:18:17] [Commander] Mounting filesystem
[2025-03-11 11:18:17] [Commander] Mounting filesystem
[2025-03-11 11:18:17] [Commander] Mounting filesystem
[2025-03-11 11:18:17] [Commander] Mounting filesystem
[2025-03-11 11:18:17] [Commander] Mounting filesystem
[2025-03-11 11:18:17] [Commander] Mounting filesystem
[2025-03-11 11:18:17] [Commander] Mounting filesystem
[2025-03-11 11:18:17] [Commander] Mounting filesystem
[2025-03-11 11:18:17] [Commander] Mounting filesystem
[2025-03-11 11:18:17] [Commander] Mounting filesystem
[2025-03-11 11:18:17] [Commander] Mounting filesystem
[2025-03-11 11:18:17] [Commander] Mounting filesystem
[2025-03-11 11:18:17] [Commander] Mounting filesystem
[2025-03-11 11:18:17] [Commander] Mounting filesystem
[2025-03-11 11:18:17] [Commander] Mounting filesystem
[2025-03-11 11:18:17] [Commander] Mounting filesystem
[2025-03-11 11:18:17] [Commander] Mounting filesystem
[2025-03-11 11:18:17] [Commander] Mounting filesystem
[2025-03-11 11:18:17] [Commander] Mounting filesystem
[2025-03-11 11:18:17] [Commander] Mounting filesystem
[2025-03-11 11:18:17] [Commander] Mounting filesystem
[2025-03-11 11:18:17] [Commander] Mounting filesystem
[2025-03-11 11:18:17] [Commander] Mounting filesystem
[2025-03-11 11:18:17] [Commander] Mounting filesystem
[2025-03-11 11:18:17] [Commander] Mounting filesystem
[2025-03-11 11:18:17] [Commander] Mounting filesystem
[2025-03-11 11:18:17] [Commander] Mounting filesystem
[2025-03-11 11:18:17] [Commander] Mounting filesystem
[2025-03-11 11:18:17] [Commander] Mounting filesystem
[2025-03-11 11:18:17] [Commander] Mounting filesystem
[2025-03-11 11:18:17] [Commander] Mounting filesystem
[2025-03-11 11:18:17] [Commander] Mounting filesystem
[2025-03-11 11:18:17] [Commander] Mounting filesystem
[2025-03-11 11:18:17] [Commander] Mounting filesystem
[2025-03-11 11:18:17] [Commander] Mounting filesystem
[2025-03-11 11:18:17] [Commander] Mounting filesystem
[2025-03-11 11:18:17] [Commander] Mounting filesystem
[2025-03-11 11:18:17] [Commander] Mounting filesystem
[2025-03-11 11:18:17] [Commander] Mounting filesystem
[2025-03-11 11:18:17] [Commander] Mounting filesystem
[2025-03-11 11:18:17] [Commander] Mounting filesystem
[2025-03-11 11:18:17] [Commander] Mounting filesystem
[2025-03-11 11:18:17] [Commander] Mounting filesystem
[2025-03-11 11:18:17] [Commander] Mounting filesystem
[2025-03-11 11:18:17] [Commander] Mounting filesystem
[2025-03-11 11:18:17] [Commander] Mounting filesystem
[2025-03-11 11:18:17] [Commander] Mounting filesystem
[2025-03-11 11:18:17] [Commander] Mounting filesystem
[2025-03-11 11:18:17] [Commander] Mounting filesystem
[2025-03-11 11:18:17] [Commander] Mounting filesystem
[2025-03-11 11:18:17] [Commander] Mounting filesystem
[2025-03-11 11:18:17] [Commander] Mounting filesystem
[2025-03-11 11:18:17] [Commander] Mounting filesystem
[2025-03-11 11:18:17] [Commander] Mounting filesystem
[2025-03-11 11:18:17] [Commander] Mounting filesystem
[2025-03-11 11:18:17] [Commander] Mounting filesystem
[2025-03-11 11:18:17] [Commander] Mounting filesystem
[2025-03-11 11:18:17] [Commander] Mounting filesystem
[2025-03-11 11:18:17] [Commander] Mounting filesystem
[2025-03-11 11:18:17] [Commander] Mounting filesystem
[2025-03-11 11:18:17] [Commander] Mounting filesystem
[2025-03-11 11:18:17] [Commander] Mounting filesystem
[2025-03-11 11:18:17] [Commander] Mounting filesystem
[2025-03-11 11:18:17] [Commander] Mounting filesystem
[2025-03-11 11:18:17] [Commander] Mounting filesystem
[2025-03-11 11:18:17] [Commander] Mounting filesystem
[2025-03-11 11:18:17] [Commander] Mounting filesystem
[2025-03-11 11:18:17] [Commander] Mounting filesystem
[2025-03-11 11:18:17] [Commander] Mounting filesystem
[2025-03-11 11:18:17] [Commander] Mounting filesystem
[2025-03-11 11:18:17] [Commander] Mounting filesystem
[2025-03-11 11:18:17] [Commander] Mounting filesystem
[2025-03-11 11:18:17] [Commander] Mounting filesystem
[2025-03-11 11:18:17] [Commander] Mounting filesystem
[2025-03-11 11:18:17] [Commander] Mounting filesystem
[2025-03-11 11:18:17] [Commander] Mounting filesystem
[2025-03-11 11:18:17] [Commander] Mounting filesystem
[2025-03-11 11:18:17] [Commander] Mounting filesystem
[2025-03-11 11:18:17] [Commander] Mounting filesystem
[2025-03-11 11:18:17] [Commander] Mounting filesystem
[2025-03-11 11:18:17] [Commander] Mounting filesystem
[2025-03-11 11:18:17] [Commander] Mounting filesystem
[2025-03-11 11:18:17] [Commander] Mounting filesystem
[2025-03-11 11:18:17] [Commander] Mounting filesystem
[2025-03-11 11:18:17] [Commander] Mounting filesystem
[2025-03-11 11:18:17] [Commander] Mounting filesystem
[2025-03-11 11:18:17] [Commander] Mounting filesystem
[2025-03-11 11:18:17] [Commander] Mounting filesystem
[2025-03-11 11:18:17] [Commander] Mounting filesystem
[2025-03-11 11:18:17] [Commander] Mounting filesystem
[2025-03-11 11:18:17] [Commander] Mounting filesystem
[2025-03-11 11:18:17] [Commander] Mounting filesystem
[2025-03-11 11:18:17] [Commander] Mounting filesystem
[2025-03-11 11:18:17] [Commander] Mounting filesystem
[2025-03-11 11:18:17] [Commander] Mounting filesystem
[2025-03-11 11:18:17] [Commander] Mounting filesystem
[2025-03-11 11:18:17] [Commander] Mounting filesystem
[2025-03-11 11:18:17] [Commander] Mounting filesystem
[2025-03-11 11:18:17] [Commander] Mounting filesystem
[2025-03-11 11:18:17] [Commander] Mounting filesystem
[2025-03-11 11:18:17] [Commander] Mounting filesystem
[2025-03-11 11:18:17] [Commander] Mounting filesystem
[2025-03-11 11:18:17] [Commander] Mounting filesystem
[2025-03-11 11:18:17] [Commander] Mounting filesystem
[2025-03-11 11:18:17] [Commander] Mounting filesystem
[2025-03-11 11:18:17] [Commander] Mounting filesystem
[2025-03-11 11:18:17] [Commander] Mounting filesystem
[2025-03-11 11:18:17] [Commander] Mounting filesystem
[2025-03-11 11:18:17] [Commander] Mounting filesystem
[2025-03-11 11:18:17] [Commander] Mounting filesystem
[2025-03-11 11:18:17] [Commander] Mounting filesystem
[2025-03-11 11:18:17] [Commander] Mounting filesystem
[2025-03-11 11:18:17] [Commander] Mounting filesystem
[2025-03-11 11:18:17] [Commander] Mounting filesystem
[2025-03-11 11:18:17] [Commander] Mounting filesystem
[2025-03-11 11:18:17] [Commander] Mounting filesystem
[2025-03-11 11:18:17] [Commander] Mounting filesystem
[2025-03-11 11:18:17] [Commander] Mounting filesystem
[2025-03-11 11:18:17] [Commander] Mounting filesystem
[2025-03-11 11:18:17] [Commander] Mounting filesystem
[2025-03-11 11:18:17] [Commander] Mounting filesystem
[2025-03-11 11:18:17] [Commander] Mounting filesystem
[2025-03-11 11:18:17] [Commander] Mounting filesystem
[2025-03-11 11:18:17] [Commander] Mounting filesystem
[2025-03-11 11:18:17] [Commander] Mounting filesystem
[2025-03-11 11:18:17] [Commander] Mounting filesystem
[2025-03-11 11:18:17] [Commander] Mounting filesystem
[2025-03-11 11:18:17] [Commander] Mounting filesystem
[2025-03-11 11:18:17] [Commander] Mounting filesystem
[2025-03-11 11:18:17] [Commander] Mounting filesystem
[2025-03-11 11:18:17] [Commander] Mounting filesystem
[2025-03-11 11:18:17] [Commander] Mounting filesystem
[2025-03-11 11:18:17] [Commander] Mounting filesystem
[2025-03-11 11:18:17] [Commander] Mounting filesystem
[2025-03-11 11:18:17] [Commander] Mounting filesystem
[2025-03-11 11:18:17] [Commander] Mounting filesystem
[2025-03-11 11:18:17] [Commander] Mounting filesystem
[2025-03-11 11:18:17] [Commander] Mounting filesystem
[2025-03-11 11:18:17] [Commander] Mounting filesystem
[2025-03-11 11:18:17] [Commander] Mounting filesystem
[2025-03-11 11:18:17] [Commander] Mounting filesystem
[2025-03-11 11:18:17] [Commander] Mounting filesystem
[2025-03-11 11:18:17] [Commander] Mounting filesystem
[2025-03-11 11:18:17] [Commander] Mounting filesystem
[2025-03-11 11:18:17] [Commander] Mounting filesystem
[2025-03-11 11:18:17] [Commander] Mounting filesystem
[2025-03-11 11:18:17] [Commander] Mounting filesystem
[2025-03-11 11:18:17] [Commander] Mounting filesystem
[2025-03-11 11:18:17] [Commander] Mounting filesystem
[2025-03-11 11:18:17] [Commander] Mounting filesystem
[2025-03-11 11:18:17] [Commander] Mounting filesystem
[2025-03-11 11:18:17] [Commander] Mounting filesystem
[2025-03-11 11:18:17] [Commander] Mounting filesystem
[2025-03-11 11:18:17] [Commander] Mounting filesystem
[2025-03-11 11:18:17] [Commander] Mounting filesystem
[2025-03-11 11:18:17] [Commander] Mounting filesystem
[2025-03-11 11:18:17] [Commander] Mounting filesystem
[2025-03-11 11:18:17] [Commander] Mounting filesystem
[2025-03-11 11:18:17] [Commander] Mounting filesystem
[2025-03-11 11:18:17] [Commander] Mounting filesystem
[2025-03-11 11:18:17] [Commander] Mounting filesystem
[2025-03-11 11:18:17] [Commander] Mounting filesystem
[2025-03-11 11:18:17] [Commander] Mounting filesystem
[2025-03-11 11:18:17] [Commander] Mounting filesystem
[2025-03-11 11:18:17] [Commander] Mounting filesystem
[2025-03-11 11:18:17] [Commander] Mounting filesystem
[2025-03-11 11:18:17] [Commander] Mounting filesystem
[2025-03-11 11:18:17] [Commander] Mounting filesystem
[2025-03-11 11:18:17] [Commander] Mounting filesystem
[2025-03-11 11:18:17] [Commander] Mounting filesystem
[2025-03-11 11:18:17] [Commander] Mounting filesystem
[2025-03-11 11:18:17] [Commander] Mounting filesystem
[2025-03-11 11:18:17] [Commander] Mounting filesystem
[2025-03-11 11:18:17] [Commander] Mounting filesystem
[2025-03-11 11:18:17] [Commander] Mounting filesystem
[2025-03-11 11:18:17] [Commander] Mounting filesystem
[2025-03-11 11:18:17] [Commander] Mounting filesystem
[2025-03-11 11:18:17] [Commander] Mounting filesystem
[2025-03-11 11:18:17] [Commander] Mounting filesystem
[2025-03-11 11:18:17] [Commander] Mounting filesystem
[2025-03-11 11:18:17] [Commander] Mounting filesystem
[2025-03-11 11:18:17] [Commander] Mounting filesystem
[2025-03-11 11:18:17] [Commander] Mounting filesystem
[2025-03-11 11:18:17] [Commander] Mounting filesystem
[2025-03-11 11:18:17] [Commander] Mounting filesystem
[2025-03-11 11:18:17] [Commander] Mounting filesystem
[2025-03-11 11:18:17] [Commander] Mounting filesystem
[2025-03-11 11:18:17] [Commander] Mounting filesystem
[2025-03-11 11:18:17] [Commander] Mounting filesystem
[2025-03-11 11:18:17] [Commander] Mounting filesystem
[2025-03-11 11:18:17] [Commander] Mounting filesystem
[2025-03-11 11:18:17] [Commander] Mounting filesystem
[2025-03-11 11:18:17] [Commander] Mounting filesystem
[2025-03-11 11:18:17] [Commander] Mounting filesystem
[2025-03-11 11:18:17] [Commander] Mounting filesystem
[2025-03-11 11:18:17] [Commander] Mounting filesystem
[2025-03-11 11:18:17] [Commander] Mounting filesystem
[2025-03-11 11:18:17] [Commander] Mounting filesystem
[2025-03-11 11:18:17] [Commander] Mounting filesystem
[2025-03-11 11:18:17] [Commander] Mounting filesystem
[2025-03-11 11:18:17] [Commander] Mounting filesystem
[2025-03-11 11:18:17] [Commander] Mounting filesystem
[2025-03-11 11:18:17] [Commander] Mounting filesystem
[2025-03-11 11:18:17] [Commander] Mounting filesystem
[2025-03-11 11:18:17] [Commander] Mounting filesystem
[2025-03-11 11:18:17] [Commander] Mounting filesystem
[2025-03-11 11:18:17] [Commander] Mounting filesystem
[2025-03-11 11:18:17] [Commander] Mounting filesystem
[2025-03-11 11:18:17] [Commander] Mounting filesystem
[2025-03-11 11:18:17] [Commander] Mounting filesystem
[2025-03-11 11:18:17] [Commander] Mounting filesystem
[2025-03-11 11:18:17] [Commander] Mounting filesystem
[2025-03-11 11:18:17] [Commander] Mounting filesystem
[2025-03-11 11:18:17] [Commander] Mounting filesystem
[2025-03-11 11:18:17] [Commander] Mounting filesystem
[2025-03-11 11:18:17] [Commander] Mounting filesystem
[2025-03-11 11:18:17] [Commander] Mounting filesystem
[2025-03-11 11:18:17] [Commander] Mounting filesystem
[2025-03-11 11:18:17] [Commander] Mounting filesystem
[2025-03-11 11:18:17] [Commander] Mounting filesystem
[2025-03-11 11:18:17] [Commander] Mounting filesystem
[2025-03-11 11:18:17] [Commander] Mounting filesystem
[2025-03-11 11:18:17] [Commander] Mounting filesystem
[2025-03-11 11:18:17] [Commander] Mounting filesystem
[2025-03-11 11:18:17] [Commander] Mounting filesystem
[2025-03-11 11:18:17] [Commander] Mounting filesystem
[2025-03-11 11:18:17] [Commander] Mounting filesystem
[2025-03-11 11:18:17] [Commander] Mounting filesystem
[2025-03-11 11:18:17] [Commander] Mounting filesystem
[2025-03-11 11:18:17] [Commander] Mounting filesystem
[2025-03-11 11:18:17] [Commander] Mounting filesystem
[2025-03-11 11:18:17] [Commander] Mounting filesystem
[2025-03-11 11:18:17] [Commander] Mounting filesystem
[2025-03-11 11:18:17] [Commander] Mounting filesystem
[2025-03-11 11:18:17] [Commander] Mounting filesystem
[2025-03-11 11:18:17] [Commander] Mounting filesystem
[2025-03-11 11:18:17] [Commander] Mounting filesystem
[2025-03-11 11:18:17] [Commander] Mounting filesystem
[2025-03-11 11:18:17] [Commander] Mounting filesystem
[2025-03-11 11:18:17] [Commander] Mounting filesystem
[2025-03-11 11:18:17] [Commander] Mounting filesystem
[2025-03-11 11:18:17] [Commander] Mounting filesystem
[2025-03-11 11:18:17] [Commander] Mounting filesystem
[2025-03-11 11:18:17] [Commander] Mounting filesystem
[2025-03-11 11:18:17] [Commander] Mounting filesystem
[2025-03-11 11:18:17] [Commander] Mounting filesystem
[2025-03-11 11:18:17] [Commander] Mounting filesystem
[2025-03-11 11:18:17] [Commander] Mounting filesystem
[2025-03-11 11:18:17] [Commander] Mounting filesystem
[2025-03-11 11:18:17] [Commander] Mounting filesystem
[2025-03-11 11:18:17] [Commander] Mounting filesystem
[2025-03-11 11:18:17] [Commander] Mounting filesystem
[2025-03-11 11:18:17] [Commander] Mounting filesystem
[2025-03-11 11:18:17] [Commander] Mounting filesystem
[2025-03-11 11:18:17] [Commander] Mounting filesystem
[2025-03-11 11:18:17] [Commander] Mounting filesystem
[2025-03-11 11:18:17] [Commander] Mounting filesystem
[2025-03-11 11:18:17] [Commander] Mounting filesystem
[2025-03-11 11:18:17] [Commander] Mounting filesystem
[2025-03-11 11:18:17] [Commander] Mounting filesystem
[2025-03-11 11:18:17] [Commander] Mounting filesystem
[2025-03-11 11:18:17] [Commander] Mounting filesystem
[2025-03-11 11:18:17] [Commander] Mounting filesystem
[2025-03-11 11:18:17] [Commander] Mounting filesystem
[2025-03-11 11:18:17] [Commander] Mounting filesystem
[2025-03-11 11:18:17] [Commander] Mounting filesystem
[2025-03-11 11:18:17] [Commander] Mounting filesystem
[2025-03-11 11:18:17] [Commander] Mounting filesystem
[2025-03-11 11:18:17] [Commander] Mounting filesystem
[2025-03-11 11:18:17] [Commander] Mounting filesystem
[2025-03-11 11:18:17] [Commander] Mounting filesystem
[2025-03-11 11:18:17] [Commander] Mounting filesystem
[2025-03-11 11:18:17] [Commander] Mounting filesystem
[2025-03-11 11:18:17] [Commander] Mounting filesystem
[2025-03-11 11:18:17] [Commander] Mounting filesystem
[2025-03-11 11:18:17] [Commander] Mounting filesystem
[2025-03-11 11:18:17] [Commander] Mounting filesystem
[2025-03-11 11:18:17] [Commander] Mounting filesystem
[2025-03-11 11:18:17] [Commander] Mounting filesystem
[2025-03-11 11:18:17] [Commander] Mounting filesystem
[2025-03-11 11:18:17] [Commander] Mounting filesystem
[2025-03-11 11:18:17] [Commander] Mounting filesystem
[2025-03-11 11:18:17] [Commander] Mounting filesystem
[2025-03-11 11:18:17] [Commander] Mounting filesystem
[2025-03-11 11:18:17] [Commander] Mounting filesystem
[2025-03-11 11:18:17] [Commander] Mounting filesystem
[2025-03-11 11:18:17] [Commander] Mounting filesystem
[2025-03-11 11:18:17] [Commander] Mounting filesystem
[2025-03-11 11:18:17] [Commander] Mounting filesystem
[2025-03-11 11:18:17] [Commander] Mounting filesystem
[2025-03-11 11:18:17] [Commander] Mounting filesystem
[2025-03-11 11:18:17] [Commander] Mounting filesystem
[2025-03-11 11:18:17] [Commander] Mounting filesystem
[2025-03-11 11:18:17] [Commander] Mounting filesystem
[2025-03-11 11:18:17] [Commander] Mounting filesystem
[2025-03-11 11:18:17] [Commander] Mounting filesystem
[2025-03-11 11:18:17] [Commander] Mounting filesystem
[2025-03-11 11:18:17] [Commander] Mounting filesystem
[2025-03-11 11:18:17] [Commander] Mounting filesystem
[2025-03-11 11:18:17] [Commander] Mounting filesystem
[2025-03-11 11:18:17] [Commander] Mounting filesystem
[2025-03-11 11:18:17] [Commander] Mounting filesystem
[2025-03-11 11:18:17] [Commander] Mounting filesystem
[2025-03-11 11:18:17] [Commander] Mounting filesystem
[2025-03-11 11:18:17] [Commander] Mounting filesystem
[2025-03-11 11:18:17] [Commander] Mounting filesystem
[2025-03-11 11:18:17] [Commander] Mounting filesystem
[2025-03-11 11:18:17] [Commander] Mounting filesystem
[2025-03-11 11:18:17] [Commander] Mounting filesystem
[2025-03-11 11:18:17] [Commander] Mounting filesystem
[2025-03-11 11:18:17] [Commander] Mounting filesystem
[2025-03-11 11:18:17] [Commander] Mounting filesystem
[2025-03-11 11:18:17] [Commander] Mounting filesystem
[2025-03-11 11:18:17] [Commander] Mounting filesystem
[2025-03-11 11:18:17] [Commander] Mounting filesystem
[2025-03-11 11:18:17] [Commander] Mounting filesystem
[2025-03-11 11:18:17] [Commander] Mounting filesystem
[2025-03-11 11:18:17] [Commander] Mounting filesystem
[2025-03-11 11:18:17] [Commander] Mounting filesystem
[2025-03-11 11:18:17] [Commander] Mounting filesystem
[2025-03-11 11:18:17] [Commander] Mounting filesystem
[2025-03-11 11:18:17] [Commander] Mounting filesystem
[2025-03-11 11:18:17] [Commander] Mounting filesystem
[2025-03-11 11:18:17] [Commander] Mounting filesystem
[2025-03-11 11:18:17] [Commander] Mounting filesystem
[2025-03-11 11:18:17] [Commander] Mounting filesystem
[2025-03-11 11:18:17] [Commander] Mounting filesystem
[2025-03-11 11:18:17] [Commander] Mounting filesystem
[2025-03-11 11:18:17] [Commander] Mounting filesystem
[2025-03-11 11:18:17] [Commander] Mounting filesystem
[2025-03-11 11:18:17] [Commander] Mounting filesystem
[2025-03-11 11:18:17] [Commander] Mounting filesystem
[2025-03-11 11:18:17] [Commander] Mounting filesystem
[2025-03-11 11:18:17] [Commander] Mounting filesystem
[2025-03-11 11:18:17] [Commander] Mounting filesystem
[2025-03-11 11:18:17] [Commander] Mounting filesystem
[2025-03-11 11:18:17] [Commander] Mounting filesystem
[2025-03-11 11:18:17] [Commander] Mounting filesystem
[2025-03-11 11:18:17] [Commander] Mounting filesystem
[2025-03-11 11:18:17] [Commander] Mounting filesystem
[2025-03-11 11:18:17] [Commander] Mounting filesystem
[2025-03-11 11:18:17] [Commander] Logger for Commander in file mode is closed
[2025-03-11 11:19:33] [Commander] Logger for Commander is starting in file mode
[2025-03-11 11:19:33] [Commander] Commander initialized.
[2025-03-11 11:19:33] [Commander] Mounting filesystem
[2025-03-11 11:19:33] [Commander] Sending command: luna-send -n 1 -f luna://com.webos.settingsservice/getSystemSettings '{"keys":["eulaStatus"]}'
[2025-03-11 11:19:33] [Commander] Logger for Commander in file mode is closed
[2025-03-12 16:00:02] [Commander] Logger for Commander is starting in file mode
[2025-03-12 16:00:02] [Commander] Commander initialized.
[2025-03-12 16:00:02] [Commander] Mounting filesystem
[2025-03-12 16:00:02] [Commander] Sending command: luna-send -n 1 -f luna://com.webos.settingsservice/getSystemSettings '{"keys":["eulaStatus"]}'
[2025-03-12 16:00:02] [Commander] Logger for Commander in file mode is closed
[2025-03-12 16:02:29] [Commander] Logger for Commander is starting in file mode
[2025-03-12 16:02:29] [Commander] Commander initialized.
[2025-03-12 16:02:29] [Commander] Mounting filesystem
[2025-03-12 16:02:29] [Commander] Sending command: luna-send -n 1 -f luna://com.webos.settingsservice/getSystemSettings '{"keys":["eulaStatus"]}'
[2025-03-12 16:02:29] [Commander] Logger for Commander in file mode is closed
[2025-03-12 16:02:35] [Commander] Logger for Commander is starting in file mode
[2025-03-12 16:02:35] [Commander] Commander initialized.
[2025-03-12 16:02:35] [Commander] Mounting filesystem
[2025-03-12 16:02:35] [Commander] Sending command: luna-send -n 1 -f luna://com.webos.settingsservice/getSystemSettings '{"keys":["eulaStatus"]}'
[2025-03-12 16:02:35] [Commander] Logger for Commander in file mode is closed
[2025-03-12 16:04:55] [Commander] Logger for Commander is starting in file mode
[2025-03-12 16:04:55] [Commander] Commander initialized.
[2025-03-12 16:04:55] [Commander] Mounting filesystem
[2025-03-12 16:04:55] [Commander] Sending command: luna-send -n 1 -f luna://com.webos.settingsservice/getSystemSettings '{"keys":["eulaStatus"]}'
[2025-03-12 16:04:55] [Commander] Logger for Commander in file mode is closed
