[2025-03-06 16:24:00] [Commander] Logger for Commander is starting in file mode
[2025-03-06 16:24:00] [Commander] Commander initialized.
[2025-03-06 16:24:00] [Commander] Sending command: luna-send -n 1 -f luna://com.webos.applicationManager/launch '{"id":"com.webos.app.home"}'
[2025-03-06 16:24:00] [Commander] Logger for Commander in file mode is closed
[2025-03-06 16:44:28] [Commander] Logger for Commander is starting in file mode
[2025-03-06 16:44:28] [Commander] Commander initialized.
[2025-03-06 16:44:28] [Commander] Sending command: ['luna-send -n 1 -f luna://com.webos.applicationManager/launch', '\'{"id":"com.webos.app.home"}\'']
[2025-03-06 16:44:28] [Commander] Sending command: ['luna-send -n 1 -f luna://com.webos.applicationManager/launch', '\'{"id":"com.webos.app.home"}\'']
[2025-03-06 16:44:29] [Commander] Sending command: ['luna-send -n 1 -f luna://com.webos.applicationManager/launch', '\'{"id":"com.webos.app.home"}\'']
[2025-03-06 16:44:29] [Commander] Sending command: ['luna-send -n 1 -f luna://com.webos.applicationManager/launch', '\'{"id":"com.webos.app.browser"}\'']
[2025-03-06 16:44:30] [Commander] Sending command: ['luna-send -n 1 -f luna://com.webos.applicationManager/launch', '\'{"id":"com.webos.app.home"}\'']
[2025-03-06 16:44:30] [Commander] Sending command: ['luna-send -n 1 -f luna://com.webos.applicationManager/launch', '\'{"id":"com.disney.disneyplus-prod.auto"}\'']
[2025-03-06 16:44:31] [Commander] Sending command: ['luna-send -n 1 -f luna://com.webos.applicationManager/launch', '\'{"id":"com.webos.app.home"}\'']
[2025-03-06 16:44:31] [Commander] Sending command: ['luna-send -n 1 -f luna://com.webos.applicationManager/launch', '\'{"id":"com.webos.app.discovery"}\'']
[2025-03-06 16:44:32] [Commander] Sending command: ['luna-send -n 1 -f luna://com.webos.applicationManager/launch', '\'{"id":"com.webos.app.home"}\'']
[2025-03-06 16:44:32] [Commander] Sending command: ['luna-send -n 1 -f luna://com.webos.applicationManager/launch', '\'{"id":"com.webos.app.browser"}\'']
[2025-03-06 16:44:32] [Commander] Logger for Commander in file mode is closed
[2025-03-06 16:45:10] [Commander] Logger for Commander is starting in file mode
[2025-03-06 16:45:10] [Commander] Commander initialized.
[2025-03-06 16:45:10] [Commander] Sending command: ['luna-send -n 1 -f luna://com.webos.applicationManager/launch', '\'{"id":"com.webos.app.home"}\'']
[2025-03-06 16:45:10] [Commander] Logger for Commander in file mode is closed
